Archive member included to satisfy reference by file (symbol)

C:/Program Files/Microchip/xc32/v5.00/bin/bin/../../lib/gcc/pic32m/13.2.1/../../../../pic32m/lib\libpic32.a(default-bootstrap-exception-handler.o)
                              D:\Users\diego\AppData\Local\Temp\ccyeHKXU.o (_bootstrap_exception_handler)
C:/Program Files/Microchip/xc32/v5.00/bin/bin/../../lib/gcc/pic32m/13.2.1/../../../../pic32m/lib\libpic32.a(default-on-reset.o)
                              D:\Users\diego\AppData\Local\Temp\ccyeHKXU.o (_on_reset)
C:/Program Files/Microchip/xc32/v5.00/bin/bin/../../lib/gcc/pic32m/13.2.1/../../../../pic32m/lib\libpic32.a(default-on-bootstrap.o)
                              D:\Users\diego\AppData\Local\Temp\ccyeHKXU.o (_on_bootstrap)
C:/Program Files/Microchip/xc32/v5.00/bin/bin/../../lib/gcc/pic32m/13.2.1/../../../../pic32m/lib\libpic32.a(default-nmi-handler.o)
                              D:\Users\diego\AppData\Local\Temp\ccyeHKXU.o (_nmi_handler)
C:/Program Files/Microchip/xc32/v5.00/bin/bin/../../lib/gcc/pic32m/13.2.1/../../../../pic32m/lib\libpic32.a(pic32_data_init_core.o)
                              D:\Users\diego\AppData\Local\Temp\ccyeHKXU.o (__pic32_data_init)
C:/Program Files/Microchip/xc32/v5.00/bin/bin/../../lib/gcc/pic32m/13.2.1/../../../../pic32m/lib\libpic32.a(general-exception.o)
                              D:\Users\diego\AppData\Local\Temp\ccyeHKXU.o (_general_exception_context)
C:/Program Files/Microchip/xc32/v5.00/bin/bin/../../lib/gcc/pic32m/13.2.1/../../../../pic32m/lib\libpic32.a(vector0.o)
                              D:\Users\diego\AppData\Local\Temp\cc2Jefr7.o (__vector_dispatch_0)
C:/Program Files/Microchip/xc32/v5.00/bin/bin/../../lib/gcc/pic32m/13.2.1/../../../../pic32m/lib\libpic32.a(vector1.o)
                              D:\Users\diego\AppData\Local\Temp\cc2Jefr7.o (__vector_dispatch_1)
C:/Program Files/Microchip/xc32/v5.00/bin/bin/../../lib/gcc/pic32m/13.2.1/../../../../pic32m/lib\libpic32.a(vector2.o)
                              D:\Users\diego\AppData\Local\Temp\cc2Jefr7.o (__vector_dispatch_2)
C:/Program Files/Microchip/xc32/v5.00/bin/bin/../../lib/gcc/pic32m/13.2.1/../../../../pic32m/lib\libpic32.a(vector3.o)
                              D:\Users\diego\AppData\Local\Temp\cc2Jefr7.o (__vector_dispatch_3)
C:/Program Files/Microchip/xc32/v5.00/bin/bin/../../lib/gcc/pic32m/13.2.1/../../../../pic32m/lib\libpic32.a(vector4.o)
                              D:\Users\diego\AppData\Local\Temp\cc2Jefr7.o (__vector_dispatch_4)
C:/Program Files/Microchip/xc32/v5.00/bin/bin/../../lib/gcc/pic32m/13.2.1/../../../../pic32m/lib\libpic32.a(vector5.o)
                              D:\Users\diego\AppData\Local\Temp\cc2Jefr7.o (__vector_dispatch_5)
C:/Program Files/Microchip/xc32/v5.00/bin/bin/../../lib/gcc/pic32m/13.2.1/../../../../pic32m/lib\libpic32.a(vector6.o)
                              D:\Users\diego\AppData\Local\Temp\cc2Jefr7.o (__vector_dispatch_6)
C:/Program Files/Microchip/xc32/v5.00/bin/bin/../../lib/gcc/pic32m/13.2.1/../../../../pic32m/lib\libpic32.a(vector7.o)
                              D:\Users\diego\AppData\Local\Temp\cc2Jefr7.o (__vector_dispatch_7)
C:/Program Files/Microchip/xc32/v5.00/bin/bin/../../lib/gcc/pic32m/13.2.1/../../../../pic32m/lib\libpic32.a(vector8.o)
                              D:\Users\diego\AppData\Local\Temp\cc2Jefr7.o (__vector_dispatch_8)
C:/Program Files/Microchip/xc32/v5.00/bin/bin/../../lib/gcc/pic32m/13.2.1/../../../../pic32m/lib\libpic32.a(vector9.o)
                              D:\Users\diego\AppData\Local\Temp\cc2Jefr7.o (__vector_dispatch_9)
C:/Program Files/Microchip/xc32/v5.00/bin/bin/../../lib/gcc/pic32m/13.2.1/../../../../pic32m/lib\libpic32.a(vector10.o)
                              D:\Users\diego\AppData\Local\Temp\cc2Jefr7.o (__vector_dispatch_10)
C:/Program Files/Microchip/xc32/v5.00/bin/bin/../../lib/gcc/pic32m/13.2.1/../../../../pic32m/lib\libpic32.a(vector11.o)
                              D:\Users\diego\AppData\Local\Temp\cc2Jefr7.o (__vector_dispatch_11)
C:/Program Files/Microchip/xc32/v5.00/bin/bin/../../lib/gcc/pic32m/13.2.1/../../../../pic32m/lib\libpic32.a(vector12.o)
                              D:\Users\diego\AppData\Local\Temp\cc2Jefr7.o (__vector_dispatch_12)
C:/Program Files/Microchip/xc32/v5.00/bin/bin/../../lib/gcc/pic32m/13.2.1/../../../../pic32m/lib\libpic32.a(vector13.o)
                              D:\Users\diego\AppData\Local\Temp\cc2Jefr7.o (__vector_dispatch_13)
C:/Program Files/Microchip/xc32/v5.00/bin/bin/../../lib/gcc/pic32m/13.2.1/../../../../pic32m/lib\libpic32.a(vector14.o)
                              D:\Users\diego\AppData\Local\Temp\cc2Jefr7.o (__vector_dispatch_14)
C:/Program Files/Microchip/xc32/v5.00/bin/bin/../../lib/gcc/pic32m/13.2.1/../../../../pic32m/lib\libpic32.a(vector15.o)
                              D:\Users\diego\AppData\Local\Temp\cc2Jefr7.o (__vector_dispatch_15)
[...]
Memory Configuration

Name             Origin             Length             Attributes
kseg0_program_mem 0x9d000000         0x00080000         xr
kseg0_boot_mem   0x9fc00490         0x00000970
exception_mem    0x9fc01000         0x00001000
kseg1_boot_mem   0xbfc00000         0x00000490
debug_exec_mem   0xbfc02000         0x00000ff0
config3          0xbfc02ff0         0x00000004
config2          0xbfc02ff4         0x00000004
config1          0xbfc02ff8         0x00000004
config0          0xbfc02ffc         0x00000004
kseg1_data_mem   0xa0000000         0x00020000         w!x
sfrs             0xbf800000         0x00100000
configsfrs       0xbfc02ff0         0x00000010
*default*        0x00000000         0xffffffff

Linker script and memory map

LOAD build/default/production/main.o
LOAD build/default/production/usb_descriptors.o
LOAD build/default/production/usb/usb.o
LOAD build/default/production/usb/usb_cdc.o
                0x00000001                        __MPLAB_BUILD = 0x1
                0x00000000                        _min_heap_size = 0x0
LOAD D:\Users\diego\AppData\Local\Temp\ccyeHKXU.o
LOAD D:\Users\diego\AppData\Local\Temp\ccUiMCZr.o
LOAD D:\Users\diego\AppData\Local\Temp\cc2Jefr7.o
LOAD C:/Program Files/Microchip/xc32/v5.00/bin/bin/../../lib/gcc/pic32m/13.2.1/../../../../pic32m/lib\debug-exception-return.o
LOAD C:/Program Files/Microchip/xc32/v5.00/bin/bin/../../lib/gcc/pic32m/13.2.1/../../../../pic32m/lib\pic32_software_reset.o
LOAD C:/Program Files/Microchip/xc32/v5.00/bin/bin/../../lib/gcc/pic32m/13.2.1\libgcc.a
START GROUP
LOAD C:/Program Files/Microchip/xc32/v5.00/bin/bin/../../lib/gcc/pic32m/13.2.1/../../../../pic32m/lib\libpic32.a
LOAD C:/Program Files/Microchip/xc32/v5.00/bin/bin/../../lib/gcc/pic32m/13.2.1/../../../../pic32m/lib\libc-size-musl.a
LOAD C:/Program Files/Microchip/xc32/v5.00/bin/bin/../../lib/gcc/pic32m/13.2.1/../../../../pic32m/lib\liblmalloc-musl.a
LOAD C:/Program Files/Microchip/xc32/v5.00/bin/bin/../../lib/gcc/pic32m/13.2.1/../../../../pic32m/lib\libdebug.a
LOAD C:/Program Files/Microchip/xc32/v5.00/bin/bin/../../lib/gcc/pic32m/13.2.1/../../../../pic32m/lib\libc-musl.a
LOAD C:/Program Files/Microchip/xc32/v5.00/bin/bin/../../lib/gcc/pic32m/13.2.1/../../../../pic32m/lib\libm.a
LOAD C:/Program Files/Microchip/xc32/v5.00/bin/bin/../../lib/gcc/pic32m/13.2.1/../../../../pic32m/lib\libe.a
LOAD C:/Program Files/Microchip/xc32/v5.00/bin/bin/../../lib/gcc/pic32m/13.2.1/../../../../pic32m/lib\libm-musl.a
LOAD C:/Program Files/Microchip/xc32/v5.00/bin/bin/../../lib/gcc/pic32m/13.2.1/../../../../pic32m/lib\libdsp.a
END GROUP
LOAD C:/Program Files/Microchip/xc32/v5.00/bin/bin/../../lib/gcc/pic32m/13.2.1\libgcc.a
                0x00000400                        PROVIDE (_min_stack_size = 0x400)
START GROUP
LOAD libmchp_peripheral.a
END GROUP
START GROUP
LOAD libmchp_peripheral_32MX795F512L.a
END GROUP
                0x00000001                        PROVIDE (_vector_spacing = 0x1)
                0x9fc01000                        PROVIDE (_ebase_address = 0x9fc01000)
                0xbfc00000                        _RESET_ADDR = 0xbfc00000
                0xbfc00380                        _BEV_EXCPT_ADDR = 0xbfc00380
                0xbfc00480                        _DBG_EXCPT_ADDR = 0xbfc00480
                0xbfc02000                        _DBG_CODE_ADDR = 0xbfc02000
                0x00000ff0                        _DBG_CODE_SIZE = 0xff0
                0x9fc01180                        _GEN_EXCPT_ADDR = (_ebase_address + 0x180)

.config_BFC02FF0
                0xbfc02ff0        0x4
 *(.config_BFC02FF0)
 .config_BFC02FF0
                0xbfc02ff0        0x4 build/default/production/main.o
                0xbfc02ff0                __config_BFC02FF0

.config_BFC02FF4
                0xbfc02ff4        0x4
 *(.config_BFC02FF4)
 .config_BFC02FF4
                0xbfc02ff4        0x4 build/default/production/main.o
                0xbfc02ff4                __config_BFC02FF4

.config_BFC02FF8
                0xbfc02ff8        0x4
 *(.config_BFC02FF8)
 .config_BFC02FF8
                0xbfc02ff8        0x4 build/default/production/main.o
                0xbfc02ff8                __config_BFC02FF8

.config_BFC02FFC
                0xbfc02ffc        0x4
 *(.config_BFC02FFC)
 .config_BFC02FFC
                0xbfc02ffc        0x4 build/default/production/main.o
                0xbfc02ffc                __config_BFC02FFC

.reset          0xbfc00000      0x19c
 *(.reset)
 .reset         0xbfc00000        0x8 D:\Users\diego\AppData\Local\Temp\ccyeHKXU.o
                0xbfc00000                _reset
 *(.reset.startup)
 .reset.startup
                0xbfc00008      0x194 D:\Users\diego\AppData\Local\Temp\ccyeHKXU.o
                0xbfc00008                _startup

.bev_excpt      0xbfc00380       0x10
 *(.bev_handler)
 .bev_handler   0xbfc00380       0x10 D:\Users\diego\AppData\Local\Temp\ccyeHKXU.o

.dbg_excpt      0xbfc00480        0x0
                0xbfc00480                        . = (. + DEFINED (_DEBUGGER)?0x8:0x0)

.dbg_code       0xbfc02000        0x0
                0xbfc02000                        . = (. + DEFINED (_DEBUGGER)?_DBG_CODE_SIZE:0x0)

.app_excpt      0x9fc01180       0x10
 *(.gen_handler)
 .gen_handler   0x9fc01180       0x10 D:\Users\diego\AppData\Local\Temp\ccyeHKXU.o

.vector_0       0x9fc01200        0x8
 *(.vector_0)
 .vector_0      0x9fc01200        0x8 C:/Program Files/Microchip/xc32/v5.00/bin/bin/../../lib/gcc/pic32m/13.2.1/../../../../pic32m/lib\libpic32.a(vector0.o)
                0x9fc01200                __vector_dispatch_0
                0x00000001                        ASSERT (((_vector_spacing == 0x0) || (SIZEOF (.vector_0) <= (_vector_spacing << 0x5))), function at exception vector 0 too large)

.vector_1       0x9fc01220        0x8
 *(.vector_1)
 .vector_1      0x9fc01220        0x8 C:/Program Files/Microchip/xc32/v5.00/bin/bin/../../lib/gcc/pic32m/13.2.1/../../../../pic32m/lib\libpic32.a(vector1.o)
                0x9fc01220                __vector_dispatch_1
                0x00000001                        ASSERT (((_vector_spacing == 0x0) || (SIZEOF (.vector_1) <= (_vector_spacing << 0x5))), function at exception vector 1 too large)

.vector_2       0x9fc01240        0x8
 *(.vector_2)
 .vector_2      0x9fc01240        0x8 C:/Program Files/Microchip/xc32/v5.00/bin/bin/../../lib/gcc/pic32m/13.2.1/../../../../pic32m/lib\libpic32.a(vector2.o)
                0x9fc01240                __vector_dispatch_2
                0x00000001                        ASSERT (((_vector_spacing == 0x0) || (SIZEOF (.vector_2) <= (_vector_spacing << 0x5))), function at exception vector 2 too large)

.vector_3       0x9fc01260        0x8
 *(.vector_3)
 .vector_3      0x9fc01260        0x8 C:/Program Files/Microchip/xc32/v5.00/bin/bin/../../lib/gcc/pic32m/13.2.1/../../../../pic32m/lib\libpic32.a(vector3.o)
                0x9fc01260                __vector_dispatch_3
                0x00000001                        ASSERT (((_vector_spacing == 0x0) || (SIZEOF (.vector_3) <= (_vector_spacing << 0x5))), function at exception vector 3 too large)

.vector_4       0x9fc01280        0x8
 *(.vector_4)
 .vector_4      0x9fc01280        0x8 C:/Program Files/Microchip/xc32/v5.00/bin/bin/../../lib/gcc/pic32m/13.2.1/../../../../pic32m/lib\libpic32.a(vector4.o)
                0x9fc01280                __vector_dispatch_4
                0x00000001                        ASSERT (((_vector_spacing == 0x0) || (SIZEOF (.vector_4) <= (_vector_spacing << 0x5))), function at exception vector 4 too large)

.vector_5       0x9fc012a0        0x8
 *(.vector_5)
 .vector_5      0x9fc012a0        0x8 C:/Program Files/Microchip/xc32/v5.00/bin/bin/../../lib/gcc/pic32m/13.2.1/../../../../pic32m/lib\libpic32.a(vector5.o)
                0x9fc012a0                __vector_dispatch_5
                0x00000001                        ASSERT (((_vector_spacing == 0x0) || (SIZEOF (.vector_5) <= (_vector_spacing << 0x5))), function at exception vector 5 too large)

.vector_6       0x9fc012c0        0x8
 *(.vector_6)
 .vector_6      0x9fc012c0        0x8 C:/Program Files/Microchip/xc32/v5.00/bin/bin/../../lib/gcc/pic32m/13.2.1/../../../../pic32m/lib\libpic32.a(vector6.o)
                0x9fc012c0                __vector_dispatch_6
                0x00000001                        ASSERT (((_vector_spacing == 0x0) || (SIZEOF (.vector_6) <= (_vector_spacing << 0x5))), function at exception vector 6 too large)

.vector_7       0x9fc012e0        0x8
 *(.vector_7)
 .vector_7      0x9fc012e0        0x8 C:/Program Files/Microchip/xc32/v5.00/bin/bin/../../lib/gcc/pic32m/13.2.1/../../../../pic32m/lib\libpic32.a(vector7.o)
                0x9fc012e0                __vector_dispatch_7
                0x00000001                        ASSERT (((_vector_spacing == 0x0) || (SIZEOF (.vector_7) <= (_vector_spacing << 0x5))), function at exception vector 7 too large)

.vector_8       0x9fc01300        0x8
 *(.vector_8)
 .vector_8      0x9fc01300        0x8 C:/Program Files/Microchip/xc32/v5.00/bin/bin/../../lib/gcc/pic32m/13.2.1/../../../../pic32m/lib\libpic32.a(vector8.o)
                0x9fc01300                __vector_dispatch_8
                0x00000001                        ASSERT (((_vector_spacing == 0x0) || (SIZEOF (.vector_8) <= (_vector_spacing << 0x5))), function at exception vector 8 too large)

.vector_9       0x9fc01320        0x8
 *(.vector_9)
 .vector_9      0x9fc01320        0x8 C:/Program Files/Microchip/xc32/v5.00/bin/bin/../../lib/gcc/pic32m/13.2.1/../../../../pic32m/lib\libpic32.a(vector9.o)
                0x9fc01320                __vector_dispatch_9
                0x00000001                        ASSERT (((_vector_spacing == 0x0) || (SIZEOF (.vector_9) <= (_vector_spacing << 0x5))), function at exception vector 9 too large)

.vector_10      0x9fc01340        0x8
 *(.vector_10)
 .vector_10     0x9fc01340        0x8 C:/Program Files/Microchip/xc32/v5.00/bin/bin/../../lib/gcc/pic32m/13.2.1/../../../../pic32m/lib\libpic32.a(vector10.o)
                0x9fc01340                __vector_dispatch_10
                0x00000001                        ASSERT (((_vector_spacing == 0x0) || (SIZEOF (.vector_10) <= (_vector_spacing << 0x5))), function at exception vector 10 too large)

.vector_11      0x9fc01360        0x8
 *(.vector_11)
 .vector_11     0x9fc01360        0x8 C:/Program Files/Microchip/xc32/v5.00/bin/bin/../../lib/gcc/pic32m/13.2.1/../../../../pic32m/lib\libpic32.a(vector11.o)
                0x9fc01360                __vector_dispatch_11
                0x00000001                        ASSERT (((_vector_spacing == 0x0) || (SIZEOF (.vector_11) <= (_vector_spacing << 0x5))), function at exception vector 11 too large)

.vector_12      0x9fc01380        0x8
 *(.vector_12)
 .vector_12     0x9fc01380        0x8 C:/Program Files/Microchip/xc32/v5.00/bin/bin/../../lib/gcc/pic32m/13.2.1/../../../../pic32m/lib\libpic32.a(vector12.o)
                0x9fc01380                __vector_dispatch_12
                0x00000001                        ASSERT (((_vector_spacing == 0x0) || (SIZEOF (.vector_12) <= (_vector_spacing << 0x5))), function at exception vector 12 too large)

.vector_13      0x9fc013a0        0x8
 *(.vector_13)
 .vector_13     0x9fc013a0        0x8 C:/Program Files/Microchip/xc32/v5.00/bin/bin/../../lib/gcc/pic32m/13.2.1/../../../../pic32m/lib\libpic32.a(vector13.o)
                0x9fc013a0                __vector_dispatch_13
                0x00000001                        ASSERT (((_vector_spacing == 0x0) || (SIZEOF (.vector_13) <= (_vector_spacing << 0x5))), function at exception vector 13 too large)

.vector_14      0x9fc013c0        0x8
 *(.vector_14)
 .vector_14     0x9fc013c0        0x8 C:/Program Files/Microchip/xc32/v5.00/bin/bin/../../lib/gcc/pic32m/13.2.1/../../../../pic32m/lib\libpic32.a(vector14.o)
                0x9fc013c0                __vector_dispatch_14
                0x00000001                        ASSERT (((_vector_spacing == 0x0) || (SIZEOF (.vector_14) <= (_vector_spacing << 0x5))), function at exception vector 14 too large)

.vector_15      0x9fc013e0        0x8
 *(.vector_15)
 .vector_15     0x9fc013e0        0x8 C:/Program Files/Microchip/xc32/v5.00/bin/bin/../../lib/gcc/pic32m/13.2.1/../../../../pic32m/lib\libpic32.a(vector15.o)
                0x9fc013e0                __vector_dispatch_15
                0x00000001                        ASSERT (((_vector_spacing == 0x0) || (SIZEOF (.vector_15) <= (_vector_spacing << 0x5))), function at exception vector 15 too large)

.vector_16      0x9fc01400        0x8
 *(.vector_16)
 .vector_16     0x9fc01400        0x8 C:/Program Files/Microchip/xc32/v5.00/bin/bin/../../lib/gcc/pic32m/13.2.1/../../../../pic32m/lib\libpic32.a(vector16.o)
                0x9fc01400                __vector_dispatch_16
                0x00000001                        ASSERT (((_vector_spacing == 0x0) || (SIZEOF (.vector_16) <= (_vector_spacing << 0x5))), function at exception vector 16 too large)

.vector_17      0x9fc01420        0x8
 *(.vector_17)
 .vector_17     0x9fc01420        0x8 C:/Program Files/Microchip/xc32/v5.00/bin/bin/../../lib/gcc/pic32m/13.2.1/../../../../pic32m/lib\libpic32.a(vector17.o)
                0x9fc01420                __vector_dispatch_17
                0x00000001                        ASSERT (((_vector_spacing == 0x0) || (SIZEOF (.vector_17) <= (_vector_spacing << 0x5))), function at exception vector 17 too large)

.vector_18      0x9fc01440        0x8
 *(.vector_18)
 .vector_18     0x9fc01440        0x8 C:/Program Files/Microchip/xc32/v5.00/bin/bin/../../lib/gcc/pic32m/13.2.1/../../../../pic32m/lib\libpic32.a(vector18.o)
                0x9fc01440                __vector_dispatch_18
                0x00000001                        ASSERT (((_vector_spacing == 0x0) || (SIZEOF (.vector_18) <= (_vector_spacing << 0x5))), function at exception vector 18 too large)

.vector_19      0x9fc01460        0x8
 *(.vector_19)
 .vector_19     0x9fc01460        0x8 C:/Program Files/Microchip/xc32/v5.00/bin/bin/../../lib/gcc/pic32m/13.2.1/../../../../pic32m/lib\libpic32.a(vector19.o)
                0x9fc01460                __vector_dispatch_19
                0x00000001                        ASSERT (((_vector_spacing == 0x0) || (SIZEOF (.vector_19) <= (_vector_spacing << 0x5))), function at exception vector 19 too large)

.vector_20      0x9fc01480        0x8
 *(.vector_20)
 .vector_20     0x9fc01480        0x8 C:/Program Files/Microchip/xc32/v5.00/bin/bin/../../lib/gcc/pic32m/13.2.1/../../../../pic32m/lib\libpic32.a(vector20.o)
                0x9fc01480                __vector_dispatch_20
                0x00000001                        ASSERT (((_vector_spacing == 0x0) || (SIZEOF (.vector_20) <= (_vector_spacing << 0x5))), function at exception vector 20 too large)

.vector_21      0x9fc014a0        0x8
 *(.vector_21)
 .vector_21     0x9fc014a0        0x8 C:/Program Files/Microchip/xc32/v5.00/bin/bin/../../lib/gcc/pic32m/13.2.1/../../../../pic32m/lib\libpic32.a(vector21.o)
                0x9fc014a0                __vector_dispatch_21
                0x00000001                        ASSERT (((_vector_spacing == 0x0) || (SIZEOF (.vector_21) <= (_vector_spacing << 0x5))), function at exception vector 21 too large)

.vector_22      0x9fc014c0        0x8
 *(.vector_22)
 .vector_22     0x9fc014c0        0x8 C:/Program Files/Microchip/xc32/v5.00/bin/bin/../../lib/gcc/pic32m/13.2.1/../../../../pic32m/lib\libpic32.a(vector22.o)
                0x9fc014c0                __vector_dispatch_22
                0x00000001                        ASSERT (((_vector_spacing == 0x0) || (SIZEOF (.vector_22) <= (_vector_spacing << 0x5))), function at exception vector 22 too large)

.vector_23      0x9fc014e0        0x8
 *(.vector_23)
 .vector_23     0x9fc014e0        0x8 C:/Program Files/Microchip/xc32/v5.00/bin/bin/../../lib/gcc/pic32m/13.2.1/../../../../pic32m/lib\libpic32.a(vector23.o)
                0x9fc014e0                __vector_dispatch_23
                0x00000001                        ASSERT (((_vector_spacing == 0x0) || (SIZEOF (.vector_23) <= (_vector_spacing << 0x5))), function at exception vector 23 too large)

.vector_24      0x9fc01500        0x8
 *(.vector_24)
 .vector_24     0x9fc01500        0x8 C:/Program Files/Microchip/xc32/v5.00/bin/bin/../../lib/gcc/pic32m/13.2.1/../../../../pic32m/lib\libpic32.a(vector24.o)
                0x9fc01500                __vector_dispatch_24
                0x00000001                        ASSERT (((_vector_spacing == 0x0) || (SIZEOF (.vector_24) <= (_vector_spacing << 0x5))), function at exception vector 24 too large)

.vector_25      0x9fc01520        0x8
 *(.vector_25)
 .vector_25     0x9fc01520        0x8 C:/Program Files/Microchip/xc32/v5.00/bin/bin/../../lib/gcc/pic32m/13.2.1/../../../../pic32m/lib\libpic32.a(vector25.o)
                0x9fc01520                __vector_dispatch_25
                0x00000001                        ASSERT (((_vector_spacing == 0x0) || (SIZEOF (.vector_25) <= (_vector_spacing << 0x5))), function at exception vector 25 too large)

.vector_26      0x9fc01540        0x8
 *(.vector_26)
 .vector_26     0x9fc01540        0x8 C:/Program Files/Microchip/xc32/v5.00/bin/bin/../../lib/gcc/pic32m/13.2.1/../../../../pic32m/lib\libpic32.a(vector26.o)
                0x9fc01540                __vector_dispatch_26
                0x00000001                        ASSERT (((_vector_spacing == 0x0) || (SIZEOF (.vector_26) <= (_vector_spacing << 0x5))), function at exception vector 26 too large)

.vector_27      0x9fc01560        0x8
 *(.vector_27)
 .vector_27     0x9fc01560        0x8 C:/Program Files/Microchip/xc32/v5.00/bin/bin/../../lib/gcc/pic32m/13.2.1/../../../../pic32m/lib\libpic32.a(vector27.o)
                0x9fc01560                __vector_dispatch_27
                0x00000001                        ASSERT (((_vector_spacing == 0x0) || (SIZEOF (.vector_27) <= (_vector_spacing << 0x5))), function at exception vector 27 too large)

.vector_28      0x9fc01580        0x8
 *(.vector_28)
 .vector_28     0x9fc01580        0x8 C:/Program Files/Microchip/xc32/v5.00/bin/bin/../../lib/gcc/pic32m/13.2.1/../../../../pic32m/lib\libpic32.a(vector28.o)
                0x9fc01580                __vector_dispatch_28
                0x00000001                        ASSERT (((_vector_spacing == 0x0) || (SIZEOF (.vector_28) <= (_vector_spacing << 0x5))), function at exception vector 28 too large)

.vector_29      0x9fc015a0        0x8
 *(.vector_29)
 .vector_29     0x9fc015a0        0x8 C:/Program Files/Microchip/xc32/v5.00/bin/bin/../../lib/gcc/pic32m/13.2.1/../../../../pic32m/lib\libpic32.a(vector29.o)
                0x9fc015a0                __vector_dispatch_29
                0x00000001                        ASSERT (((_vector_spacing == 0x0) || (SIZEOF (.vector_29) <= (_vector_spacing << 0x5))), function at exception vector 29 too large)

.vector_30      0x9fc015c0        0x8
 *(.vector_30)
 .vector_30     0x9fc015c0        0x8 C:/Program Files/Microchip/xc32/v5.00/bin/bin/../../lib/gcc/pic32m/13.2.1/../../../../pic32m/lib\libpic32.a(vector30.o)
                0x9fc015c0                __vector_dispatch_30
                0x00000001                        ASSERT (((_vector_spacing == 0x0) || (SIZEOF (.vector_30) <= (_vector_spacing << 0x5))), function at exception vector 30 too large)

.vector_31      0x9fc015e0        0x8
 *(.vector_31)
 .vector_31     0x9fc015e0        0x8 C:/Program Files/Microchip/xc32/v5.00/bin/bin/../../lib/gcc/pic32m/13.2.1/../../../../pic32m/lib\libpic32.a(vector31.o)
                0x9fc015e0                __vector_dispatch_31
                0x00000001                        ASSERT (((_vector_spacing == 0x0) || (SIZEOF (.vector_31) <= (_vector_spacing << 0x5))), function at exception vector 31 too large)

.vector_32      0x9fc01600        0x8
 *(.vector_32)
 .vector_32     0x9fc01600        0x8 C:/Program Files/Microchip/xc32/v5.00/bin/bin/../../lib/gcc/pic32m/13.2.1/../../../../pic32m/lib\libpic32.a(vector32.o)
                0x9fc01600                __vector_dispatch_32
                0x00000001                        ASSERT (((_vector_spacing == 0x0) || (SIZEOF (.vector_32) <= (_vector_spacing << 0x5))), function at exception vector 32 too large)

.vector_33      0x9fc01620        0x8
 *(.vector_33)
 .vector_33     0x9fc01620        0x8 C:/Program Files/Microchip/xc32/v5.00/bin/bin/../../lib/gcc/pic32m/13.2.1/../../../../pic32m/lib\libpic32.a(vector33.o)
                0x9fc01620                __vector_dispatch_33
                0x00000001                        ASSERT (((_vector_spacing == 0x0) || (SIZEOF (.vector_33) <= (_vector_spacing << 0x5))), function at exception vector 33 too large)

.vector_34      0x9fc01640        0x8
 *(.vector_34)
 .vector_34     0x9fc01640        0x8 C:/Program Files/Microchip/xc32/v5.00/bin/bin/../../lib/gcc/pic32m/13.2.1/../../../../pic32m/lib\libpic32.a(vector34.o)
                0x9fc01640                __vector_dispatch_34
                0x00000001                        ASSERT (((_vector_spacing == 0x0) || (SIZEOF (.vector_34) <= (_vector_spacing << 0x5))), function at exception vector 34 too large)

.vector_35      0x9fc01660        0x8
 *(.vector_35)
 .vector_35     0x9fc01660        0x8 C:/Program Files/Microchip/xc32/v5.00/bin/bin/../../lib/gcc/pic32m/13.2.1/../../../../pic32m/lib\libpic32.a(vector35.o)
                0x9fc01660                __vector_dispatch_35
                0x00000001                        ASSERT (((_vector_spacing == 0x0) || (SIZEOF (.vector_35) <= (_vector_spacing << 0x5))), function at exception vector 35 too large)

.vector_36      0x9fc01680        0x8
 *(.vector_36)
 .vector_36     0x9fc01680        0x8 C:/Program Files/Microchip/xc32/v5.00/bin/bin/../../lib/gcc/pic32m/13.2.1/../../../../pic32m/lib\libpic32.a(vector36.o)
                0x9fc01680                __vector_dispatch_36
                0x00000001                        ASSERT (((_vector_spacing == 0x0) || (SIZEOF (.vector_36) <= (_vector_spacing << 0x5))), function at exception vector 36 too large)

.vector_37      0x9fc016a0        0x8
 *(.vector_37)
 .vector_37     0x9fc016a0        0x8 C:/Program Files/Microchip/xc32/v5.00/bin/bin/../../lib/gcc/pic32m/13.2.1/../../../../pic32m/lib\libpic32.a(vector37.o)
                0x9fc016a0                __vector_dispatch_37
                0x00000001                        ASSERT (((_vector_spacing == 0x0) || (SIZEOF (.vector_37) <= (_vector_spacing << 0x5))), function at exception vector 37 too large)

.vector_38      0x9fc016c0        0x8
 *(.vector_38)
 .vector_38     0x9fc016c0        0x8 C:/Program Files/Microchip/xc32/v5.00/bin/bin/../../lib/gcc/pic32m/13.2.1/../../../../pic32m/lib\libpic32.a(vector38.o)
                0x9fc016c0                __vector_dispatch_38
                0x00000001                        ASSERT (((_vector_spacing == 0x0) || (SIZEOF (.vector_38) <= (_vector_spacing << 0x5))), function at exception vector 38 too large)

.vector_39      0x9fc016e0        0x8
 *(.vector_39)
 .vector_39     0x9fc016e0        0x8 C:/Program Files/Microchip/xc32/v5.00/bin/bin/../../lib/gcc/pic32m/13.2.1/../../../../pic32m/lib\libpic32.a(vector39.o)
                0x9fc016e0                __vector_dispatch_39
                0x00000001                        ASSERT (((_vector_spacing == 0x0) || (SIZEOF (.vector_39) <= (_vector_spacing << 0x5))), function at exception vector 39 too large)

.vector_40      0x9fc01700        0x8
 *(.vector_40)
 .vector_40     0x9fc01700        0x8 C:/Program Files/Microchip/xc32/v5.00/bin/bin/../../lib/gcc/pic32m/13.2.1/../../../../pic32m/lib\libpic32.a(vector40.o)
                0x9fc01700                __vector_dispatch_40
                0x00000001                        ASSERT (((_vector_spacing == 0x0) || (SIZEOF (.vector_40) <= (_vector_spacing << 0x5))), function at exception vector 40 too large)

.vector_41      0x9fc01720        0x8
 *(.vector_41)
 .vector_41     0x9fc01720        0x8 C:/Program Files/Microchip/xc32/v5.00/bin/bin/../../lib/gcc/pic32m/13.2.1/../../../../pic32m/lib\libpic32.a(vector41.o)
                0x9fc01720                __vector_dispatch_41
                0x00000001                        ASSERT (((_vector_spacing == 0x0) || (SIZEOF (.vector_41) <= (_vector_spacing << 0x5))), function at exception vector 41 too large)

.vector_42      0x9fc01740        0x8
 *(.vector_42)
 .vector_42     0x9fc01740        0x8 C:/Program Files/Microchip/xc32/v5.00/bin/bin/../../lib/gcc/pic32m/13.2.1/../../../../pic32m/lib\libpic32.a(vector42.o)
                0x9fc01740                __vector_dispatch_42
                0x00000001                        ASSERT (((_vector_spacing == 0x0) || (SIZEOF (.vector_42) <= (_vector_spacing << 0x5))), function at exception vector 42 too large)

.vector_43      0x9fc01760        0x8
 *(.vector_43)
 .vector_43     0x9fc01760        0x8 C:/Program Files/Microchip/xc32/v5.00/bin/bin/../../lib/gcc/pic32m/13.2.1/../../../../pic32m/lib\libpic32.a(vector43.o)
                0x9fc01760                __vector_dispatch_43
                0x00000001                        ASSERT (((_vector_spacing == 0x0) || (SIZEOF (.vector_43) <= (_vector_spacing << 0x5))), function at exception vector 43 too large)

.vector_44      0x9fc01780        0x8
 *(.vector_44)
 .vector_44     0x9fc01780        0x8 C:/Program Files/Microchip/xc32/v5.00/bin/bin/../../lib/gcc/pic32m/13.2.1/../../../../pic32m/lib\libpic32.a(vector44.o)
                0x9fc01780                __vector_dispatch_44
                0x00000001                        ASSERT (((_vector_spacing == 0x0) || (SIZEOF (.vector_44) <= (_vector_spacing << 0x5))), function at exception vector 44 too large)

.vector_45      0x9fc017a0        0x8
 *(.vector_45)
 .vector_45     0x9fc017a0        0x8 build/default/production/usb/usb.o
                0x9fc017a0                __vector_dispatch_45
                0x00000001                        ASSERT (((_vector_spacing == 0x0) || (SIZEOF (.vector_45) <= (_vector_spacing << 0x5))), function at exception vector 45 too large)

.vector_46      0x9fc017c0        0x8
 *(.vector_46)
 .vector_46     0x9fc017c0        0x8 build/default/production/main.o
                0x9fc017c0                __vector_dispatch_46
                0x00000001                        ASSERT (((_vector_spacing == 0x0) || (SIZEOF (.vector_46) <= (_vector_spacing << 0x5))), function at exception vector 46 too large)

.vector_47      0x9fc017e0        0x8
 *(.vector_47)
 .vector_47     0x9fc017e0        0x8 build/default/production/main.o
                0x9fc017e0                __vector_dispatch_47
                0x00000001                        ASSERT (((_vector_spacing == 0x0) || (SIZEOF (.vector_47) <= (_vector_spacing << 0x5))), function at exception vector 47 too large)

.vector_48      0x9fc01800        0x8
 *(.vector_48)
 .vector_48     0x9fc01800        0x8 C:/Program Files/Microchip/xc32/v5.00/bin/bin/../../lib/gcc/pic32m/13.2.1/../../../../pic32m/lib\libpic32.a(vector48.o)
                0x9fc01800                __vector_dispatch_48
                0x00000001                        ASSERT (((_vector_spacing == 0x0) || (SIZEOF (.vector_48) <= (_vector_spacing << 0x5))), function at exception vector 48 too large)

.vector_49      0x9fc01820        0x8
 *(.vector_49)
 .vector_49     0x9fc01820        0x8 C:/Program Files/Microchip/xc32/v5.00/bin/bin/../../lib/gcc/pic32m/13.2.1/../../../../pic32m/lib\libpic32.a(vector49.o)
                0x9fc01820                __vector_dispatch_49
                0x00000001                        ASSERT (((_vector_spacing == 0x0) || (SIZEOF (.vector_49) <= (_vector_spacing << 0x5))), function at exception vector 49 too large)

.vector_50      0x9fc01840        0x8
 *(.vector_50)
 .vector_50     0x9fc01840        0x8 C:/Program Files/Microchip/xc32/v5.00/bin/bin/../../lib/gcc/pic32m/13.2.1/../../../../pic32m/lib\libpic32.a(vector50.o)
                0x9fc01840                __vector_dispatch_50
                0x00000001                        ASSERT (((_vector_spacing == 0x0) || (SIZEOF (.vector_50) <= (_vector_spacing << 0x5))), function at exception vector 50 too large)

.vector_51      0x9fc01860        0x8
 *(.vector_51)
 .vector_51     0x9fc01860        0x8 C:/Program Files/Microchip/xc32/v5.00/bin/bin/../../lib/gcc/pic32m/13.2.1/../../../../pic32m/lib\libpic32.a(vector51.o)
                0x9fc01860                __vector_dispatch_51
                0x00000001                        ASSERT (((_vector_spacing == 0x0) || (SIZEOF (.vector_51) <= (_vector_spacing << 0x5))), function at exception vector 51 too large)

.vector_52
 *(.vector_52)
                0x00000001                        ASSERT (((_vector_spacing == 0x0) || (SIZEOF (.vector_52) <= (_vector_spacing << 0x5))), function at exception vector 52 too large)

.vector_53
 *(.vector_53)
                0x00000001                        ASSERT (((_vector_spacing == 0x0) || (SIZEOF (.vector_53) <= (_vector_spacing << 0x5))), function at exception vector 53 too large)

.vector_54
 *(.vector_54)
                0x00000001                        ASSERT (((_vector_spacing == 0x0) || (SIZEOF (.vector_54) <= (_vector_spacing << 0x5))), function at exception vector 54 too large)

.vector_55
 *(.vector_55)
                0x00000001                        ASSERT (((_vector_spacing == 0x0) || (SIZEOF (.vector_55) <= (_vector_spacing << 0x5))), function at exception vector 55 too large)

.vector_56
 *(.vector_56)
                0x00000001                        ASSERT (((_vector_spacing == 0x0) || (SIZEOF (.vector_56) <= (_vector_spacing << 0x5))), function at exception vector 56 too large)

.vector_57
 *(.vector_57)
                0x00000001                        ASSERT (((_vector_spacing == 0x0) || (SIZEOF (.vector_57) <= (_vector_spacing << 0x5))), function at exception vector 57 too large)

.vector_58
 *(.vector_58)
                0x00000001                        ASSERT (((_vector_spacing == 0x0) || (SIZEOF (.vector_58) <= (_vector_spacing << 0x5))), function at exception vector 58 too large)

.vector_59
 *(.vector_59)
                0x00000001                        ASSERT (((_vector_spacing == 0x0) || (SIZEOF (.vector_59) <= (_vector_spacing << 0x5))), function at exception vector 59 too large)

.vector_60
 *(.vector_60)
                0x00000001                        ASSERT (((_vector_spacing == 0x0) || (SIZEOF (.vector_60) <= (_vector_spacing << 0x5))), function at exception vector 60 too large)

.vector_61
 *(.vector_61)
                0x00000001                        ASSERT (((_vector_spacing == 0x0) || (SIZEOF (.vector_61) <= (_vector_spacing << 0x5))), function at exception vector 61 too large)

.vector_62
 *(.vector_62)
                0x00000001                        ASSERT (((_vector_spacing == 0x0) || (SIZEOF (.vector_62) <= (_vector_spacing << 0x5))), function at exception vector 62 too large)

.vector_63
 *(.vector_63)
                0x00000001                        ASSERT (((_vector_spacing == 0x0) || (SIZEOF (.vector_63) <= (_vector_spacing << 0x5))), function at exception vector 63 too large)

.startup
 *(.startup)

.text           0x9d000000        0x0
 *(.stub .gnu.linkonce.t.*)
 *(.text.*personality*)
 *(.mips16.fn.*)
 *(.mips16.call.*)
 *(.gnu.warning)
                0x9d000000                        . = ALIGN (0x4)

.init           0x9d000000        0x0
 *crti.o(.init)
 *crtbegin.o(.init)
 *(EXCLUDE_FILE(*crtn.o *crtend?.o *crtend.o) .init)
 *crtend.o(.init)
 *crtn.o(.init)
                0x9d000000                        . = ALIGN (0x4)

.fini           0x9d000000        0x0
 *(.fini)
                0x9d000000                        . = ALIGN (0x4)

.preinit_array  0x9d000000        0x0
                [!provide]                        PROVIDE (__preinit_array_start = .)
 *(.preinit_array)
                [!provide]                        PROVIDE (__preinit_array_end = .)
                0x9d000000                        . = ALIGN (0x4)

.init_array     0x9d000000        0x0
                [!provide]                        PROVIDE (__init_array_start = .)
 *(SORT_BY_NAME(.init_array.*))
 *(.init_array)
                [!provide]                        PROVIDE (__init_array_end = .)
                0x9d000000                        . = ALIGN (0x4)

.fini_array     0x9d000000        0x0
                [!provide]                        PROVIDE (__fini_array_start = .)
 *(SORT_BY_NAME(.fini_array.*))
 *(.fini_array)
                [!provide]                        PROVIDE (__fini_array_end = .)
                0x9d000000                        . = ALIGN (0x4)

.ctors          0x9d000000        0x0
 *crtbegin.o(.ctors)
 *crtbegin?.o(.ctors)
 *(EXCLUDE_FILE(*crtend?.o *crtend.o) .ctors)
 *(SORT_BY_NAME(.ctors.*))
 *(.ctors)
                0x9d000000                        . = ALIGN (0x4)

.dtors          0x9d000000        0x0
 *crtbegin.o(.dtors)
 *crtbegin?.o(.dtors)
 *(EXCLUDE_FILE(*crtend?.o *crtend.o) .dtors)
 *(SORT_BY_NAME(.dtors.*))
 *(.dtors)
                0x9d000000                        . = ALIGN (0x4)

.rodata         0x9d000000        0x0
 *(.gnu.linkonce.r.*)
 *(.rodata1)
                0x9d000000                        . = ALIGN (0x4)

.sdata2         0x9d000000        0x0
 *(.sdata2 .sdata2.* .gnu.linkonce.s2.*)
                0x9d000000                        . = ALIGN (0x4)

.sbss2          0x9d000000        0x0
 *(.sbss2 .sbss2.* .gnu.linkonce.sb2.*)
                0x9d000000                        . = ALIGN (0x4)

.eh_frame_hdr
 *(.eh_frame_hdr)
                0x9d000000                        . = ALIGN (0x4)

.eh_frame
 *(.eh_frame)
                0x9d000000                        . = ALIGN (0x4)

.gcc_except_table
 *(.gcc_except_table .gcc_except_table.*)
                0x9d000000                        . = ALIGN (0x4)

.dbg_data       0xa0000000        0x0
                0xa0000000                        . = (. + DEFINED (_DEBUGGER)?0x200:0x0)

.jcr            0xa0000000        0x0
 *(.jcr)
                0xa0000000                        . = ALIGN (0x4)

.eh_frame
 *(.eh_frame)
                0xa0000000                        . = ALIGN (0x4)

.gcc_except_table
 *(.gcc_except_table .gcc_except_table.*)
                0xa0000000                        . = ALIGN (0x4)

.persist        0xa0000000        0x0
                0xa0000000                        _persist_begin = .
 *(.persist .persist.*)
                0xa0000000                        . = ALIGN (0x4)
                0xa0000000                        _persist_end = .

.data           0xa0000000        0x0
 *(.gnu.linkonce.d.*)
 *(.data1)
                0xa0000000                        . = ALIGN (0x4)
                0xa0000000                        . = .
                0xa0007ff0                        _gp = (ALIGN (0x10) + 0x7ff0)

.got            0xa0000000        0x0
 *(.got.plt)
 *(.got)
                0xa0000000                        . = ALIGN (0x4)

.sdata          0xa0000000        0x8
                0xa0000000                        _sdata_begin = .
 *(.sdata .sdata.* .gnu.linkonce.s.*)
 .sdata.loopback_can_module
                0xa0000000        0x1 build/default/production/main.o
 *fill*         0xa0000001        0x3 
 .sdata.usb_application_config_descs
                0xa0000004        0x4 build/default/production/usb_descriptors.o
                0xa0000004                usb_application_config_descs
                0xa0000008                        . = ALIGN (0x4)
                0xa0000008                        _sdata_end = .

.lit8
 *(.lit8)

.lit4
 *(.lit4)
                0xa0000008                        . = ALIGN (0x4)
                0xa0000008                        _data_end = .
                0xa0000008                        _bss_begin = .

.sbss           0xa0000008       0x58
                0xa0000008                        _sbss_begin = .
 *(.dynsbss)
 *(.sbss .sbss.* .gnu.linkonce.sb.*)
 .sbss.test_counter.0
                0xa0000008        0x1 build/default/production/main.o
 .sbss.ep2_in_busy
                0xa0000009        0x1 build/default/production/main.o
 *fill*         0xa000000a        0x2 
 .sbss.can_rx_data
                0xa000000c        0x8 build/default/production/main.o
 .sbss.can_rx_dlc
                0xa0000014        0x1 build/default/production/main.o
 *fill*         0xa0000015        0x1 
 .sbss.can_rx_sid
                0xa0000016        0x2 build/default/production/main.o
 .sbss.can_msg_received
                0xa0000018        0x1 build/default/production/main.o
 *fill*         0xa0000019        0x3 
 .sbss.loopback_timeouts
                0xa000001c        0x4 build/default/production/main.o
 .sbss.loopback_received
                0xa0000020        0x4 build/default/production/main.o
 .sbss.loopback_sent
                0xa0000024        0x4 build/default/production/main.o
 .sbss.loopback_internal
                0xa0000028        0x1 build/default/production/main.o
 .sbss.loopback_stop_requested
                0xa0000029        0x1 build/default/production/main.o
 .sbss.loopback_running
                0xa000002a        0x1 build/default/production/main.o
 .sbss.received_cmd
                0xa000002b        0x1 build/default/production/main.o
 .sbss.send_welcome
                0xa000002c        0x1 build/default/production/main.o
 .sbss.cdc_connected
                0xa000002d        0x1 build/default/production/main.o
 *fill*         0xa000002e        0x2 
 .sbss.usb_configured_count
                0xa0000030        0x4 build/default/production/main.o
 .sbss.usb_reset_count
                0xa0000034        0x4 build/default/production/main.o
 .sbss.ep0_data_stage_direc
                0xa0000038        0x1 build/default/production/usb/usb.o
 *fill*         0xa0000039        0x3 
 .sbss.ep0_data_stage_context
                0xa000003c        0x4 build/default/production/usb/usb.o
 .sbss.ep0_data_stage_buf_remaining
                0xa0000040        0x4 build/default/production/usb/usb.o
 .sbss.ep0_data_stage_out_buffer
                0xa0000044        0x4 build/default/production/usb/usb.o
 .sbss.ep0_data_stage_in_buffer
                0xa0000048        0x4 build/default/production/usb/usb.o
 .sbss.ep0_data_stage_callback
                0xa000004c        0x4 build/default/production/usb/usb.o
 .sbss.returning_short
                0xa0000050        0x1 build/default/production/usb/usb.o
 .sbss.control_need_zlp
                0xa0000051        0x1 build/default/production/usb/usb.o
 .sbss.g_configuration
                0xa0000052        0x1 build/default/production/usb/usb.o
 .sbss.addr     0xa0000053        0x1 build/default/production/usb/usb.o
 .sbss.addr_pending
                0xa0000054        0x1 build/default/production/usb/usb.o
 *fill*         0xa0000055        0x3 
 .sbss.transfer_data
                0xa0000058        0x7 build/default/production/usb/usb_cdc.o
 .sbss.transfer_interface
                0xa000005f        0x1 build/default/production/usb/usb_cdc.o
 *(.scommon)
                0xa0000060                        _sbss_end = .
                0xa0000060                        . = ALIGN (0x4)

.bss            0xa0000060        0x0
 *(.dynbss)
 *(COMMON)
                0xa0000060                        . = ALIGN ((. != 0x0)?0x4:0x1)
                0xa0000060                        . = ALIGN (0x4)
                0xa0000060                        _end = .
                0xa0000060                        _bss_end = .
                0x00020000                        _bmxdudba_address = LENGTH (kseg1_data_mem)
                0x00020000                        _bmxdupba_address = LENGTH (kseg1_data_mem)

/DISCARD/
 *(.pdr)

.gptab.sdata
 *(.gptab.data)
 *(.gptab.sdata)

.gptab.sbss
 *(.gptab.bss)
 *(.gptab.sbss)

.mdebug.abi32   0x00000000        0x0
 *(.mdebug.abi32)
 .mdebug.abi32  0x00000000        0x0 build/default/production/main.o
 .mdebug.abi32  0x00000000        0x0 build/default/production/usb_descriptors.o
 .mdebug.abi32  0x00000000        0x0 build/default/production/usb/usb.o
 .mdebug.abi32  0x00000000        0x0 build/default/production/usb/usb_cdc.o
 .mdebug.abi32  0x00000000        0x0 C:/Program Files/Microchip/xc32/v5.00/bin/bin/../../lib/gcc/pic32m/13.2.1/../../../../pic32m/lib\libpic32.a(default-bootstrap-exception-handler.o)
 .mdebug.abi32  0x00000000        0x0 C:/Program Files/Microchip/xc32/v5.00/bin/bin/../../lib/gcc/pic32m/13.2.1/../../../../pic32m/lib\libpic32.a(default-on-reset.o)
 .mdebug.abi32  0x00000000        0x0 C:/Program Files/Microchip/xc32/v5.00/bin/bin/../../lib/gcc/pic32m/13.2.1/../../../../pic32m/lib\libpic32.a(default-on-bootstrap.o)
 .mdebug.abi32  0x00000000        0x0 C:/Program Files/Microchip/xc32/v5.00/bin/bin/../../lib/gcc/pic32m/13.2.1/../../../../pic32m/lib\libpic32.a(default-general-exception-handler.o)
 .mdebug.abi32  0x00000000        0x0 C:/Program Files/Microchip/xc32/v5.00/bin/bin/../../lib/gcc/pic32m/13.2.1/../../../../pic32m/lib\libpic32.a(defaultinterrupt.o)
 .mdebug.abi32  0x00000000        0x0 C:/Program Files/Microchip/xc32/v5.00/bin/bin/../../lib/gcc/pic32m/13.2.1/../../../../pic32m/lib\libc-size-musl.a(memcpy.o)
 .mdebug.abi32  0x00000000        0x0 C:/Program Files/Microchip/xc32/v5.00/bin/bin/../../lib/gcc/pic32m/13.2.1/../../../../pic32m/lib\libc-size-musl.a(memset.o)
 .mdebug.abi32  0x00000000        0x0 C:/Program Files/Microchip/xc32/v5.00/bin/bin/../../lib/gcc/pic32m/13.2.1/../../../../pic32m/lib\libc-size-musl.a(strlen.o)

.mdebug.abiN32
 *(.mdebug.abiN32)

.mdebug.abi64
 *(.mdebug.abi64)

.mdebug.abiO64
 *(.mdebug.abiO64)

.mdebug.eabi32
 *(.mdebug.eabi32)

.mdebug.eabi64
 *(.mdebug.eabi64)

.gcc_compiled_long32
 *(.gcc_compiled_long32)

.gcc_compiled_long64
 *(.gcc_compiled_long64)

.stab
 *(.stab)

.stabstr
 *(.stabstr)

.stab.excl
 *(.stab.excl)

.stab.exclstr
 *(.stab.exclstr)

.stab.index
 *(.stab.index)

.stab.indexstr
 *(.stab.indexstr)

.comment        0x00000000       0x35
 *(.comment)
 .comment       0x00000000       0x35 build/default/production/main.o
                                 0x36 (size before relaxing)
 .comment       0x00000035       0x36 build/default/production/usb_descriptors.o
 .comment       0x00000035       0x36 build/default/production/usb/usb.o
 .comment       0x00000035       0x36 build/default/production/usb/usb_cdc.o
 .comment       0x00000035       0x36 C:/Program Files/Microchip/xc32/v5.00/bin/bin/../../lib/gcc/pic32m/13.2.1/../../../../pic32m/lib\libpic32.a(default-bootstrap-exception-handler.o)
 .comment       0x00000035       0x36 C:/Program Files/Microchip/xc32/v5.00/bin/bin/../../lib/gcc/pic32m/13.2.1/../../../../pic32m/lib\libpic32.a(default-on-reset.o)
 .comment       0x00000035       0x36 C:/Program Files/Microchip/xc32/v5.00/bin/bin/../../lib/gcc/pic32m/13.2.1/../../../../pic32m/lib\libpic32.a(default-on-bootstrap.o)
 .comment       0x00000035       0x36 C:/Program Files/Microchip/xc32/v5.00/bin/bin/../../lib/gcc/pic32m/13.2.1/../../../../pic32m/lib\libpic32.a(default-general-exception-handler.o)
 .comment       0x00000035       0x36 C:/Program Files/Microchip/xc32/v5.00/bin/bin/../../lib/gcc/pic32m/13.2.1/../../../../pic32m/lib\libpic32.a(defaultinterrupt.o)
 .comment       0x00000035       0x36 C:/Program Files/Microchip/xc32/v5.00/bin/bin/../../lib/gcc/pic32m/13.2.1/../../../../pic32m/lib\libc-size-musl.a(memcpy.o)
 .comment       0x00000035       0x36 C:/Program Files/Microchip/xc32/v5.00/bin/bin/../../lib/gcc/pic32m/13.2.1/../../../../pic32m/lib\libc-size-musl.a(memset.o)
 .comment       0x00000035       0x36 C:/Program Files/Microchip/xc32/v5.00/bin/bin/../../lib/gcc/pic32m/13.2.1/../../../../pic32m/lib\libc-size-musl.a(strlen.o)

.debug
 *.elf(.debug)
 *(.debug)

.line
 *.elf(.line)
 *(.line)

.debug_srcinfo
 *.elf(.debug_srcinfo)
 *(.debug_srcinfo)

.debug_sfnames
 *.elf(.debug_sfnames)
 *(.debug_sfnames)

.debug_aranges  0x00000000      0x3a8
 *.elf(.debug_aranges)
 *(.debug_aranges)
 .debug_aranges
                0x00000000      0x170 build/default/production/main.o
 .debug_aranges
                0x00000170       0x20 build/default/production/usb_descriptors.o
 .debug_aranges
                0x00000190       0xf0 build/default/production/usb/usb.o
 .debug_aranges
                0x00000280       0x28 build/default/production/usb/usb_cdc.o
 .debug_aranges
                0x000002a8       0x20 C:/Program Files/Microchip/xc32/v5.00/bin/bin/../../lib/gcc/pic32m/13.2.1/../../../../pic32m/lib\libpic32.a(default-bootstrap-exception-handler.o)
 .debug_aranges
                0x000002c8       0x20 C:/Program Files/Microchip/xc32/v5.00/bin/bin/../../lib/gcc/pic32m/13.2.1/../../../../pic32m/lib\libpic32.a(default-on-reset.o)
 .debug_aranges
                0x000002e8       0x20 C:/Program Files/Microchip/xc32/v5.00/bin/bin/../../lib/gcc/pic32m/13.2.1/../../../../pic32m/lib\libpic32.a(default-on-bootstrap.o)
 .debug_aranges
                0x00000308       0x20 C:/Program Files/Microchip/xc32/v5.00/bin/bin/../../lib/gcc/pic32m/13.2.1/../../../../pic32m/lib\libpic32.a(default-general-exception-handler.o)
 .debug_aranges
                0x00000328       0x20 C:/Program Files/Microchip/xc32/v5.00/bin/bin/../../lib/gcc/pic32m/13.2.1/../../../../pic32m/lib\libpic32.a(defaultinterrupt.o)
 .debug_aranges
                0x00000348       0x20 C:/Program Files/Microchip/xc32/v5.00/bin/bin/../../lib/gcc/pic32m/13.2.1/../../../../pic32m/lib\libc-size-musl.a(memcpy.o)
 .debug_aranges
                0x00000368       0x20 C:/Program Files/Microchip/xc32/v5.00/bin/bin/../../lib/gcc/pic32m/13.2.1/../../../../pic32m/lib\libc-size-musl.a(memset.o)
 .debug_aranges
                0x00000388       0x20 C:/Program Files/Microchip/xc32/v5.00/bin/bin/../../lib/gcc/pic32m/13.2.1/../../../../pic32m/lib\libc-size-musl.a(strlen.o)

.debug_pubnames
 *.elf(.debug_pubnames)
 *(.debug_pubnames)

.debug_info     0x00000000     0x8b87
 *.elf(.debug_info .gnu.linkonce.wi.*)
 *(.debug_info .gnu.linkonce.wi.*)
 .debug_info    0x00000000     0x4ddf build/default/production/main.o
 .debug_info    0x00004ddf      0x85e build/default/production/usb_descriptors.o
 .debug_info    0x0000563d     0x2c2c build/default/production/usb/usb.o
 .debug_info    0x00008269      0x4b4 build/default/production/usb/usb_cdc.o
 .debug_info    0x0000871d       0x72 C:/Program Files/Microchip/xc32/v5.00/bin/bin/../../lib/gcc/pic32m/13.2.1/../../../../pic32m/lib\libpic32.a(default-bootstrap-exception-handler.o)
 .debug_info    0x0000878f       0x40 C:/Program Files/Microchip/xc32/v5.00/bin/bin/../../lib/gcc/pic32m/13.2.1/../../../../pic32m/lib\libpic32.a(default-on-reset.o)
 .debug_info    0x000087cf       0x40 C:/Program Files/Microchip/xc32/v5.00/bin/bin/../../lib/gcc/pic32m/13.2.1/../../../../pic32m/lib\libpic32.a(default-on-bootstrap.o)
 .debug_info    0x0000880f       0x72 C:/Program Files/Microchip/xc32/v5.00/bin/bin/../../lib/gcc/pic32m/13.2.1/../../../../pic32m/lib\libpic32.a(default-general-exception-handler.o)
 .debug_info    0x00008881       0x9b C:/Program Files/Microchip/xc32/v5.00/bin/bin/../../lib/gcc/pic32m/13.2.1/../../../../pic32m/lib\libpic32.a(defaultinterrupt.o)
 .debug_info    0x0000891c       0xff C:/Program Files/Microchip/xc32/v5.00/bin/bin/../../lib/gcc/pic32m/13.2.1/../../../../pic32m/lib\libc-size-musl.a(memcpy.o)
 .debug_info    0x00008a1b       0xc8 C:/Program Files/Microchip/xc32/v5.00/bin/bin/../../lib/gcc/pic32m/13.2.1/../../../../pic32m/lib\libc-size-musl.a(memset.o)
 .debug_info    0x00008ae3       0xa4 C:/Program Files/Microchip/xc32/v5.00/bin/bin/../../lib/gcc/pic32m/13.2.1/../../../../pic32m/lib\libc-size-musl.a(strlen.o)

.debug_abbrev   0x00000000     0x1191
 *.elf(.debug_abbrev)
 *(.debug_abbrev)
 .debug_abbrev  0x00000000      0x465 build/default/production/main.o
 .debug_abbrev  0x00000465      0x15a build/default/production/usb_descriptors.o
 .debug_abbrev  0x000005bf      0x5eb build/default/production/usb/usb.o
 .debug_abbrev  0x00000baa      0x22e build/default/production/usb/usb_cdc.o
 .debug_abbrev  0x00000dd8       0x7d C:/Program Files/Microchip/xc32/v5.00/bin/bin/../../lib/gcc/pic32m/13.2.1/../../../../pic32m/lib\libpic32.a(default-bootstrap-exception-handler.o)
 .debug_abbrev  0x00000e55       0x30 C:/Program Files/Microchip/xc32/v5.00/bin/bin/../../lib/gcc/pic32m/13.2.1/../../../../pic32m/lib\libpic32.a(default-on-reset.o)
 .debug_abbrev  0x00000e85       0x30 C:/Program Files/Microchip/xc32/v5.00/bin/bin/../../lib/gcc/pic32m/13.2.1/../../../../pic32m/lib\libpic32.a(default-on-bootstrap.o)
 .debug_abbrev  0x00000eb5       0x7d C:/Program Files/Microchip/xc32/v5.00/bin/bin/../../lib/gcc/pic32m/13.2.1/../../../../pic32m/lib\libpic32.a(default-general-exception-handler.o)
 .debug_abbrev  0x00000f32       0x93 C:/Program Files/Microchip/xc32/v5.00/bin/bin/../../lib/gcc/pic32m/13.2.1/../../../../pic32m/lib\libpic32.a(defaultinterrupt.o)
 .debug_abbrev  0x00000fc5       0xaa C:/Program Files/Microchip/xc32/v5.00/bin/bin/../../lib/gcc/pic32m/13.2.1/../../../../pic32m/lib\libc-size-musl.a(memcpy.o)
 .debug_abbrev  0x0000106f       0x91 C:/Program Files/Microchip/xc32/v5.00/bin/bin/../../lib/gcc/pic32m/13.2.1/../../../../pic32m/lib\libc-size-musl.a(memset.o)
 .debug_abbrev  0x00001100       0x91 C:/Program Files/Microchip/xc32/v5.00/bin/bin/../../lib/gcc/pic32m/13.2.1/../../../../pic32m/lib\libc-size-musl.a(strlen.o)

.debug_line     0x00000000     0x3752
 *.elf(.debug_line)
 *(.debug_line)
 .debug_line    0x00000000     0x1d46 build/default/production/main.o
 .debug_line    0x00001d46      0x11a build/default/production/usb_descriptors.o
 .debug_line    0x00001e60      0xf6e build/default/production/usb/usb.o
 .debug_line    0x00002dce      0x171 build/default/production/usb/usb_cdc.o
 .debug_line    0x00002f3f       0xe2 C:/Program Files/Microchip/xc32/v5.00/bin/bin/../../lib/gcc/pic32m/13.2.1/../../../../pic32m/lib\libpic32.a(default-bootstrap-exception-handler.o)
 .debug_line    0x00003021       0xa5 C:/Program Files/Microchip/xc32/v5.00/bin/bin/../../lib/gcc/pic32m/13.2.1/../../../../pic32m/lib\libpic32.a(default-on-reset.o)
 .debug_line    0x000030c6       0xa9 C:/Program Files/Microchip/xc32/v5.00/bin/bin/../../lib/gcc/pic32m/13.2.1/../../../../pic32m/lib\libpic32.a(default-on-bootstrap.o)
 .debug_line    0x0000316f       0xe0 C:/Program Files/Microchip/xc32/v5.00/bin/bin/../../lib/gcc/pic32m/13.2.1/../../../../pic32m/lib\libpic32.a(default-general-exception-handler.o)
 .debug_line    0x0000324f       0xd3 C:/Program Files/Microchip/xc32/v5.00/bin/bin/../../lib/gcc/pic32m/13.2.1/../../../../pic32m/lib\libpic32.a(defaultinterrupt.o)
 .debug_line    0x00003322      0x16d C:/Program Files/Microchip/xc32/v5.00/bin/bin/../../lib/gcc/pic32m/13.2.1/../../../../pic32m/lib\libc-size-musl.a(memcpy.o)
 .debug_line    0x0000348f      0x164 C:/Program Files/Microchip/xc32/v5.00/bin/bin/../../lib/gcc/pic32m/13.2.1/../../../../pic32m/lib\libc-size-musl.a(memset.o)
 .debug_line    0x000035f3      0x15f C:/Program Files/Microchip/xc32/v5.00/bin/bin/../../lib/gcc/pic32m/13.2.1/../../../../pic32m/lib\libc-size-musl.a(strlen.o)

.debug_frame    0x00000000      0x8b0
 *.elf(.debug_frame)
 *(.debug_frame)
 .debug_frame   0x00000000      0x494 build/default/production/main.o
 .debug_frame   0x00000494       0x20 build/default/production/usb_descriptors.o
 .debug_frame   0x000004b4      0x298 build/default/production/usb/usb.o
 .debug_frame   0x0000074c       0x4c build/default/production/usb/usb_cdc.o
 .debug_frame   0x00000798       0x2c C:/Program Files/Microchip/xc32/v5.00/bin/bin/../../lib/gcc/pic32m/13.2.1/../../../../pic32m/lib\libpic32.a(default-bootstrap-exception-handler.o)
 .debug_frame   0x000007c4       0x20 C:/Program Files/Microchip/xc32/v5.00/bin/bin/../../lib/gcc/pic32m/13.2.1/../../../../pic32m/lib\libpic32.a(default-on-reset.o)
 .debug_frame   0x000007e4       0x20 C:/Program Files/Microchip/xc32/v5.00/bin/bin/../../lib/gcc/pic32m/13.2.1/../../../../pic32m/lib\libpic32.a(default-on-bootstrap.o)
 .debug_frame   0x00000804       0x2c C:/Program Files/Microchip/xc32/v5.00/bin/bin/../../lib/gcc/pic32m/13.2.1/../../../../pic32m/lib\libpic32.a(default-general-exception-handler.o)
 .debug_frame   0x00000830       0x20 C:/Program Files/Microchip/xc32/v5.00/bin/bin/../../lib/gcc/pic32m/13.2.1/../../../../pic32m/lib\libpic32.a(defaultinterrupt.o)
 .debug_frame   0x00000850       0x20 C:/Program Files/Microchip/xc32/v5.00/bin/bin/../../lib/gcc/pic32m/13.2.1/../../../../pic32m/lib\libc-size-musl.a(memcpy.o)
 .debug_frame   0x00000870       0x20 C:/Program Files/Microchip/xc32/v5.00/bin/bin/../../lib/gcc/pic32m/13.2.1/../../../../pic32m/lib\libc-size-musl.a(memset.o)
 .debug_frame   0x00000890       0x20 C:/Program Files/Microchip/xc32/v5.00/bin/bin/../../lib/gcc/pic32m/13.2.1/../../../../pic32m/lib\libc-size-musl.a(strlen.o)

.debug_str      0x00000000     0x2ea2
 *.elf(.debug_str)
 *(.debug_str)
 .debug_str     0x00000000     0x2ea2 build/default/production/main.o
                               0x15cf (size before relaxing)
 .debug_str     0x00002ea2      0xa4e build/default/production/usb_descriptors.o
 .debug_str     0x00002ea2     0x147b build/default/production/usb/usb.o
 .debug_str     0x00002ea2      0x59d build/default/production/usb/usb_cdc.o
 .debug_str     0x00002ea2      0x318 C:/Program Files/Microchip/xc32/v5.00/bin/bin/../../lib/gcc/pic32m/13.2.1/../../../../pic32m/lib\libpic32.a(default-bootstrap-exception-handler.o)
 .debug_str     0x00002ea2      0x2b7 C:/Program Files/Microchip/xc32/v5.00/bin/bin/../../lib/gcc/pic32m/13.2.1/../../../../pic32m/lib\libpic32.a(default-on-reset.o)
 .debug_str     0x00002ea2      0x2bf C:/Program Files/Microchip/xc32/v5.00/bin/bin/../../lib/gcc/pic32m/13.2.1/../../../../pic32m/lib\libpic32.a(default-on-bootstrap.o)
 .debug_str     0x00002ea2      0x314 C:/Program Files/Microchip/xc32/v5.00/bin/bin/../../lib/gcc/pic32m/13.2.1/../../../../pic32m/lib\libpic32.a(default-general-exception-handler.o)
 .debug_str     0x00002ea2      0x349 C:/Program Files/Microchip/xc32/v5.00/bin/bin/../../lib/gcc/pic32m/13.2.1/../../../../pic32m/lib\libpic32.a(defaultinterrupt.o)
 .debug_str     0x00002ea2      0x276 C:/Program Files/Microchip/xc32/v5.00/bin/bin/../../lib/gcc/pic32m/13.2.1/../../../../pic32m/lib\libc-size-musl.a(memcpy.o)
 .debug_str     0x00002ea2      0x262 C:/Program Files/Microchip/xc32/v5.00/bin/bin/../../lib/gcc/pic32m/13.2.1/../../../../pic32m/lib\libc-size-musl.a(memset.o)
 .debug_str     0x00002ea2      0x251 C:/Program Files/Microchip/xc32/v5.00/bin/bin/../../lib/gcc/pic32m/13.2.1/../../../../pic32m/lib\libc-size-musl.a(strlen.o)

.debug_loc      0x00000000     0x27e0
 *.elf(.debug_loc)
 *(.debug_loc)
 .debug_loc     0x00000000     0x13b9 build/default/production/main.o
 .debug_loc     0x000013b9     0x1021 build/default/production/usb/usb.o
 .debug_loc     0x000023da      0x16b build/default/production/usb/usb_cdc.o
 .debug_loc     0x00002545       0x2c C:/Program Files/Microchip/xc32/v5.00/bin/bin/../../lib/gcc/pic32m/13.2.1/../../../../pic32m/lib\libpic32.a(default-bootstrap-exception-handler.o)
 .debug_loc     0x00002571       0x2c C:/Program Files/Microchip/xc32/v5.00/bin/bin/../../lib/gcc/pic32m/13.2.1/../../../../pic32m/lib\libpic32.a(default-general-exception-handler.o)
 .debug_loc     0x0000259d       0xfe C:/Program Files/Microchip/xc32/v5.00/bin/bin/../../lib/gcc/pic32m/13.2.1/../../../../pic32m/lib\libc-size-musl.a(memcpy.o)
 .debug_loc     0x0000269b      0x101 C:/Program Files/Microchip/xc32/v5.00/bin/bin/../../lib/gcc/pic32m/13.2.1/../../../../pic32m/lib\libc-size-musl.a(memset.o)
 .debug_loc     0x0000279c       0x44 C:/Program Files/Microchip/xc32/v5.00/bin/bin/../../lib/gcc/pic32m/13.2.1/../../../../pic32m/lib\libc-size-musl.a(strlen.o)

.debug_macinfo
 *.elf(.debug_macinfo)
 *(.debug_macinfo)

.debug_weaknames
 *.elf(.debug_weaknames)
 *(.debug_weaknames)

.debug_funcnames
 *.elf(.debug_funcnames)
 *(.debug_funcnames)

.debug_typenames
 *.elf(.debug_typenames)
 *(.debug_typenames)

.debug_varnames
 *.elf(.debug_varnames)
 *(.debug_varnames)

.debug_pubtypes
 *.elf(.debug_pubtypes)
 *(.debug_pubtypes)

.debug_ranges   0x00000000      0x5e8
 *.elf(.debug_ranges)
 *(.debug_ranges)
 .debug_ranges  0x00000000      0x210 build/default/production/main.o
 .debug_ranges  0x00000210       0x10 build/default/production/usb_descriptors.o
 .debug_ranges  0x00000220      0x330 build/default/production/usb/usb.o
 .debug_ranges  0x00000550       0x18 build/default/production/usb/usb_cdc.o
 .debug_ranges  0x00000568       0x10 C:/Program Files/Microchip/xc32/v5.00/bin/bin/../../lib/gcc/pic32m/13.2.1/../../../../pic32m/lib\libpic32.a(default-bootstrap-exception-handler.o)
 .debug_ranges  0x00000578       0x10 C:/Program Files/Microchip/xc32/v5.00/bin/bin/../../lib/gcc/pic32m/13.2.1/../../../../pic32m/lib\libpic32.a(default-on-reset.o)
 .debug_ranges  0x00000588       0x10 C:/Program Files/Microchip/xc32/v5.00/bin/bin/../../lib/gcc/pic32m/13.2.1/../../../../pic32m/lib\libpic32.a(default-on-bootstrap.o)
 .debug_ranges  0x00000598       0x10 C:/Program Files/Microchip/xc32/v5.00/bin/bin/../../lib/gcc/pic32m/13.2.1/../../../../pic32m/lib\libpic32.a(default-general-exception-handler.o)
 .debug_ranges  0x000005a8       0x10 C:/Program Files/Microchip/xc32/v5.00/bin/bin/../../lib/gcc/pic32m/13.2.1/../../../../pic32m/lib\libpic32.a(defaultinterrupt.o)
 .debug_ranges  0x000005b8       0x10 C:/Program Files/Microchip/xc32/v5.00/bin/bin/../../lib/gcc/pic32m/13.2.1/../../../../pic32m/lib\libc-size-musl.a(memcpy.o)
 .debug_ranges  0x000005c8       0x10 C:/Program Files/Microchip/xc32/v5.00/bin/bin/../../lib/gcc/pic32m/13.2.1/../../../../pic32m/lib\libc-size-musl.a(memset.o)
 .debug_ranges  0x000005d8       0x10 C:/Program Files/Microchip/xc32/v5.00/bin/bin/../../lib/gcc/pic32m/13.2.1/../../../../pic32m/lib\libc-size-musl.a(strlen.o)

/DISCARD/
 *(.rel.dyn)

.gnu.attributes
                0x00000000       0x10
 *(.gnu.attributes)
 .gnu.attributes
                0x00000000       0x10 build/default/production/main.o
 .gnu.attributes
                0x00000010       0x10 build/default/production/usb_descriptors.o
 .gnu.attributes
                0x00000020       0x10 build/default/production/usb/usb.o
 .gnu.attributes
                0x00000030       0x10 build/default/production/usb/usb_cdc.o
 .gnu.attributes
                0x00000040       0x10 D:\Users\diego\AppData\Local\Temp\ccyeHKXU.o
 .gnu.attributes
                0x00000050       0x10 D:\Users\diego\AppData\Local\Temp\ccUiMCZr.o
 .gnu.attributes
                0x00000060       0x10 D:\Users\diego\AppData\Local\Temp\cc2Jefr7.o
 .gnu.attributes
                0x00000070       0x10 C:/Program Files/Microchip/xc32/v5.00/bin/bin/../../lib/gcc/pic32m/13.2.1/../../../../pic32m/lib\debug-exception-return.o
 .gnu.attributes
                0x00000080       0x10 C:/Program Files/Microchip/xc32/v5.00/bin/bin/../../lib/gcc/pic32m/13.2.1/../../../../pic32m/lib\pic32_software_reset.o
 .gnu.attributes
                0x00000090       0x10 C:/Program Files/Microchip/xc32/v5.00/bin/bin/../../lib/gcc/pic32m/13.2.1/../../../../pic32m/lib\libpic32.a(default-bootstrap-exception-handler.o)
 .gnu.attributes
                0x000000a0       0x10 C:/Program Files/Microchip/xc32/v5.00/bin/bin/../../lib/gcc/pic32m/13.2.1/../../../../pic32m/lib\libpic32.a(default-on-reset.o)
 .gnu.attributes
                0x000000b0       0x10 C:/Program Files/Microchip/xc32/v5.00/bin/bin/../../lib/gcc/pic32m/13.2.1/../../../../pic32m/lib\libpic32.a(default-on-bootstrap.o)
 .gnu.attributes
                0x000000c0       0x10 C:/Program Files/Microchip/xc32/v5.00/bin/bin/../../lib/gcc/pic32m/13.2.1/../../../../pic32m/lib\libpic32.a(default-nmi-handler.o)
 .gnu.attributes
                0x000000d0       0x10 C:/Program Files/Microchip/xc32/v5.00/bin/bin/../../lib/gcc/pic32m/13.2.1/../../../../pic32m/lib\libpic32.a(pic32_data_init_core.o)
 .gnu.attributes
                0x000000e0       0x10 C:/Program Files/Microchip/xc32/v5.00/bin/bin/../../lib/gcc/pic32m/13.2.1/../../../../pic32m/lib\libpic32.a(general-exception.o)
 .gnu.attributes
                0x000000f0       0x10 C:/Program Files/Microchip/xc32/v5.00/bin/bin/../../lib/gcc/pic32m/13.2.1/../../../../pic32m/lib\libpic32.a(vector0.o)
 .gnu.attributes
                0x00000100       0x10 C:/Program Files/Microchip/xc32/v5.00/bin/bin/../../lib/gcc/pic32m/13.2.1/../../../../pic32m/lib\libpic32.a(vector1.o)
 .gnu.attributes
                0x00000110       0x10 C:/Program Files/Microchip/xc32/v5.00/bin/bin/../../lib/gcc/pic32m/13.2.1/../../../../pic32m/lib\libpic32.a(vector2.o)
 .gnu.attributes
                0x00000120       0x10 C:/Program Files/Microchip/xc32/v5.00/bin/bin/../../lib/gcc/pic32m/13.2.1/../../../../pic32m/lib\libpic32.a(vector3.o)
 .gnu.attributes
                0x00000130       0x10 C:/Program Files/Microchip/xc32/v5.00/bin/bin/../../lib/gcc/pic32m/13.2.1/../../../../pic32m/lib\libpic32.a(vector4.o)
 .gnu.attributes
                0x00000140       0x10 C:/Program Files/Microchip/xc32/v5.00/bin/bin/../../lib/gcc/pic32m/13.2.1/../../../../pic32m/lib\libpic32.a(vector5.o)
 .gnu.attributes
                0x00000150       0x10 C:/Program Files/Microchip/xc32/v5.00/bin/bin/../../lib/gcc/pic32m/13.2.1/../../../../pic32m/lib\libpic32.a(vector6.o)
 .gnu.attributes
                0x00000160       0x10 C:/Program Files/Microchip/xc32/v5.00/bin/bin/../../lib/gcc/pic32m/13.2.1/../../../../pic32m/lib\libpic32.a(vector7.o)
 .gnu.attributes
                0x00000170       0x10 C:/Program Files/Microchip/xc32/v5.00/bin/bin/../../lib/gcc/pic32m/13.2.1/../../../../pic32m/lib\libpic32.a(vector8.o)
 .gnu.attributes
                0x00000180       0x10 C:/Program Files/Microchip/xc32/v5.00/bin/bin/../../lib/gcc/pic32m/13.2.1/../../../../pic32m/lib\libpic32.a(vector9.o)
 .gnu.attributes
                0x00000190       0x10 C:/Program Files/Microchip/xc32/v5.00/bin/bin/../../lib/gcc/pic32m/13.2.1/../../../../pic32m/lib\libpic32.a(vector10.o)
 .gnu.attributes
                0x000001a0       0x10 C:/Program Files/Microchip/xc32/v5.00/bin/bin/../../lib/gcc/pic32m/13.2.1/../../../../pic32m/lib\libpic32.a(vector11.o)
 .gnu.attributes
                0x000001b0       0x10 C:/Program Files/Microchip/xc32/v5.00/bin/bin/../../lib/gcc/pic32m/13.2.1/../../../../pic32m/lib\libpic32.a(vector12.o)
 .gnu.attributes
                0x000001c0       0x10 C:/Program Files/Microchip/xc32/v5.00/bin/bin/../../lib/gcc/pic32m/13.2.1/../../../../pic32m/lib\libpic32.a(vector13.o)
 .gnu.attributes
                0x000001d0       0x10 C:/Program Files/Microchip/xc32/v5.00/bin/bin/../../lib/gcc/pic32m/13.2.1/../../../../pic32m/lib\libpic32.a(vector14.o)
 .gnu.attributes
                0x000001e0       0x10 C:/Program Files/Microchip/xc32/v5.00/bin/bin/../../lib/gcc/pic32m/13.2.1/../../../../pic32m/lib\libpic32.a(vector15.o)
 .gnu.attributes
                0x000001f0       0x10 C:/Program Files/Microchip/xc32/v5.00/bin/bin/../../lib/gcc/pic32m/13.2.1/../../../../pic32m/lib\libpic32.a(vector16.o)
 .gnu.attributes
                0x00000200       0x10 C:/Program Files/Microchip/xc32/v5.00/bin/bin/../../lib/gcc/pic32m/13.2.1/../../../../pic32m/lib\libpic32.a(vector17.o)
 .gnu.attributes
                0x00000210       0x10 C:/Program Files/Microchip/xc32/v5.00/bin/bin/../../lib/gcc/pic32m/13.2.1/../../../../pic32m/lib\libpic32.a(vector18.o)
 .gnu.attributes
                0x00000220       0x10 C:/Program Files/Microchip/xc32/v5.00/bin/bin/../../lib/gcc/pic32m/13.2.1/../../../../pic32m/lib\libpic32.a(vector19.o)
 .gnu.attributes
                0x00000230       0x10 C:/Program Files/Microchip/xc32/v5.00/bin/bin/../../lib/gcc/pic32m/13.2.1/../../../../pic32m/lib\libpic32.a(vector20.o)
 .gnu.attributes
                0x00000240       0x10 C:/Program Files/Microchip/xc32/v5.00/bin/bin/../../lib/gcc/pic32m/13.2.1/../../../../pic32m/lib\libpic32.a(vector21.o)
 .gnu.attributes
                0x00000250       0x10 C:/Program Files/Microchip/xc32/v5.00/bin/bin/../../lib/gcc/pic32m/13.2.1/../../../../pic32m/lib\libpic32.a(vector22.o)
 .gnu.attributes
                0x00000260       0x10 C:/Program Files/Microchip/xc32/v5.00/bin/bin/../../lib/gcc/pic32m/13.2.1/../../../../pic32m/lib\libpic32.a(vector23.o)
 .gnu.attributes
                0x00000270       0x10 C:/Program Files/Microchip/xc32/v5.00/bin/bin/../../lib/gcc/pic32m/13.2.1/../../../../pic32m/lib\libpic32.a(vector24.o)
 .gnu.attributes
                0x00000280       0x10 C:/Program Files/Microchip/xc32/v5.00/bin/bin/../../lib/gcc/pic32m/13.2.1/../../../../pic32m/lib\libpic32.a(vector25.o)
 .gnu.attributes
                0x00000290       0x10 C:/Program Files/Microchip/xc32/v5.00/bin/bin/../../lib/gcc/pic32m/13.2.1/../../../../pic32m/lib\libpic32.a(vector26.o)
 .gnu.attributes
                0x000002a0       0x10 C:/Program Files/Microchip/xc32/v5.00/bin/bin/../../lib/gcc/pic32m/13.2.1/../../../../pic32m/lib\libpic32.a(vector27.o)
 .gnu.attributes
                0x000002b0       0x10 C:/Program Files/Microchip/xc32/v5.00/bin/bin/../../lib/gcc/pic32m/13.2.1/../../../../pic32m/lib\libpic32.a(vector28.o)
 .gnu.attributes
                0x000002c0       0x10 C:/Program Files/Microchip/xc32/v5.00/bin/bin/../../lib/gcc/pic32m/13.2.1/../../../../pic32m/lib\libpic32.a(vector29.o)
 .gnu.attributes
                0x000002d0       0x10 C:/Program Files/Microchip/xc32/v5.00/bin/bin/../../lib/gcc/pic32m/13.2.1/../../../../pic32m/lib\libpic32.a(vector30.o)
 .gnu.attributes
                0x000002e0       0x10 C:/Program Files/Microchip/xc32/v5.00/bin/bin/../../lib/gcc/pic32m/13.2.1/../../../../pic32m/lib\libpic32.a(vector31.o)
 .gnu.attributes
                0x000002f0       0x10 C:/Program Files/Microchip/xc32/v5.00/bin/bin/../../lib/gcc/pic32m/13.2.1/../../../../pic32m/lib\libpic32.a(vector32.o)
 .gnu.attributes
                0x00000300       0x10 C:/Program Files/Microchip/xc32/v5.00/bin/bin/../../lib/gcc/pic32m/13.2.1/../../../../pic32m/lib\libpic32.a(vector33.o)
 .gnu.attributes
                0x00000310       0x10 C:/Program Files/Microchip/xc32/v5.00/bin/bin/../../lib/gcc/pic32m/13.2.1/../../../../pic32m/lib\libpic32.a(vector34.o)
 .gnu.attributes
                0x00000320       0x10 C:/Program Files/Microchip/xc32/v5.00/bin/bin/../../lib/gcc/pic32m/13.2.1/../../../../pic32m/lib\libpic32.a(vector35.o)
 .gnu.attributes
                0x00000330       0x10 C:/Program Files/Microchip/xc32/v5.00/bin/bin/../../lib/gcc/pic32m/13.2.1/../../../../pic32m/lib\libpic32.a(vector36.o)
 .gnu.attributes
                0x00000340       0x10 C:/Program Files/Microchip/xc32/v5.00/bin/bin/../../lib/gcc/pic32m/13.2.1/../../../../pic32m/lib\libpic32.a(vector37.o)
 .gnu.attributes
                0x00000350       0x10 C:/Program Files/Microchip/xc32/v5.00/bin/bin/../../lib/gcc/pic32m/13.2.1/../../../../pic32m/lib\libpic32.a(vector38.o)
 .gnu.attributes
                0x00000360       0x10 C:/Program Files/Microchip/xc32/v5.00/bin/bin/../../lib/gcc/pic32m/13.2.1/../../../../pic32m/lib\libpic32.a(vector39.o)
 .gnu.attributes
                0x00000370       0x10 C:/Program Files/Microchip/xc32/v5.00/bin/bin/../../lib/gcc/pic32m/13.2.1/../../../../pic32m/lib\libpic32.a(vector40.o)
 .gnu.attributes
                0x00000380       0x10 C:/Program Files/Microchip/xc32/v5.00/bin/bin/../../lib/gcc/pic32m/13.2.1/../../../../pic32m/lib\libpic32.a(vector41.o)
 .gnu.attributes
                0x00000390       0x10 C:/Program Files/Microchip/xc32/v5.00/bin/bin/../../lib/gcc/pic32m/13.2.1/../../../../pic32m/lib\libpic32.a(vector42.o)
 .gnu.attributes
                0x000003a0       0x10 C:/Program Files/Microchip/xc32/v5.00/bin/bin/../../lib/gcc/pic32m/13.2.1/../../../../pic32m/lib\libpic32.a(vector43.o)
 .gnu.attributes
                0x000003b0       0x10 C:/Program Files/Microchip/xc32/v5.00/bin/bin/../../lib/gcc/pic32m/13.2.1/../../../../pic32m/lib\libpic32.a(vector44.o)
 .gnu.attributes
                0x000003c0       0x10 C:/Program Files/Microchip/xc32/v5.00/bin/bin/../../lib/gcc/pic32m/13.2.1/../../../../pic32m/lib\libpic32.a(vector48.o)
 .gnu.attributes
                0x000003d0       0x10 C:/Program Files/Microchip/xc32/v5.00/bin/bin/../../lib/gcc/pic32m/13.2.1/../../../../pic32m/lib\libpic32.a(vector49.o)
 .gnu.attributes
                0x000003e0       0x10 C:/Program Files/Microchip/xc32/v5.00/bin/bin/../../lib/gcc/pic32m/13.2.1/../../../../pic32m/lib\libpic32.a(vector50.o)
 .gnu.attributes
                0x000003f0       0x10 C:/Program Files/Microchip/xc32/v5.00/bin/bin/../../lib/gcc/pic32m/13.2.1/../../../../pic32m/lib\libpic32.a(vector51.o)
 .gnu.attributes
                0x00000400       0x10 C:/Program Files/Microchip/xc32/v5.00/bin/bin/../../lib/gcc/pic32m/13.2.1/../../../../pic32m/lib\libpic32.a(default-general-exception-handler.o)
 .gnu.attributes
                0x00000410       0x10 C:/Program Files/Microchip/xc32/v5.00/bin/bin/../../lib/gcc/pic32m/13.2.1/../../../../pic32m/lib\libpic32.a(defaultinterrupt.o)
 .gnu.attributes
                0x00000420       0x10 C:/Program Files/Microchip/xc32/v5.00/bin/bin/../../lib/gcc/pic32m/13.2.1/../../../../pic32m/lib\libc-size-musl.a(memcpy.o)
 .gnu.attributes
                0x00000430       0x10 C:/Program Files/Microchip/xc32/v5.00/bin/bin/../../lib/gcc/pic32m/13.2.1/../../../../pic32m/lib\libc-size-musl.a(memset.o)
 .gnu.attributes
                0x00000440       0x10 C:/Program Files/Microchip/xc32/v5.00/bin/bin/../../lib/gcc/pic32m/13.2.1/../../../../pic32m/lib\libc-size-musl.a(strlen.o)
 .gnu.attributes
                0x00000450       0x10 C:/Program Files/Microchip/xc32/v5.00/bin/bin/../../lib/gcc/pic32m/13.2.1/../../../../pic32m/lib\libpic32.a(pic32_data_init_clear.o)
 .gnu.attributes
                0x00000460       0x10 C:/Program Files/Microchip/xc32/v5.00/bin/bin/../../lib/gcc/pic32m/13.2.1/../../../../pic32m/lib\libpic32.a(pic32_data_init_copy.o)

/DISCARD/
 *(.note.GNU-stack)

/DISCARD/
 *(.note.GNU-stack)
 *(.gnu_debuglink)
 *(.gnu.lto_*)
 *(.discard)
OUTPUT(dist/default/production/Canalysis.X.production.elf elf32-tradlittlemips)
LOAD data_init

.note           0x00000000      0x834
 .note          0x00000000      0x128 build/default/production/main.o
 .note          0x00000128       0x18 build/default/production/usb_descriptors.o
 .note          0x00000140       0x64 build/default/production/usb/usb.o
 .note          0x000001a4       0x18 build/default/production/usb/usb_cdc.o
 .note          0x000001bc       0x18 D:\Users\diego\AppData\Local\Temp\ccyeHKXU.o
 .note          0x000001d4       0x18 D:\Users\diego\AppData\Local\Temp\ccUiMCZr.o
 .note          0x000001ec       0x18 D:\Users\diego\AppData\Local\Temp\cc2Jefr7.o
 .note          0x00000204       0x48 C:/Program Files/Microchip/xc32/v5.00/bin/bin/../../lib/gcc/pic32m/13.2.1/../../../../pic32m/lib\debug-exception-return.o
 .note          0x0000024c       0x18 C:/Program Files/Microchip/xc32/v5.00/bin/bin/../../lib/gcc/pic32m/13.2.1/../../../../pic32m/lib\pic32_software_reset.o
 .note          0x00000264       0x18 C:/Program Files/Microchip/xc32/v5.00/bin/bin/../../lib/gcc/pic32m/13.2.1/../../../../pic32m/lib\libpic32.a(default-bootstrap-exception-handler.o)
 .note          0x0000027c       0x18 C:/Program Files/Microchip/xc32/v5.00/bin/bin/../../lib/gcc/pic32m/13.2.1/../../../../pic32m/lib\libpic32.a(default-on-reset.o)
 .note          0x00000294       0x18 C:/Program Files/Microchip/xc32/v5.00/bin/bin/../../lib/gcc/pic32m/13.2.1/../../../../pic32m/lib\libpic32.a(default-on-bootstrap.o)
 .note          0x000002ac       0x18 C:/Program Files/Microchip/xc32/v5.00/bin/bin/../../lib/gcc/pic32m/13.2.1/../../../../pic32m/lib\libpic32.a(default-nmi-handler.o)
 .note          0x000002c4       0x18 C:/Program Files/Microchip/xc32/v5.00/bin/bin/../../lib/gcc/pic32m/13.2.1/../../../../pic32m/lib\libpic32.a(pic32_data_init_core.o)
 .note          0x000002dc       0x18 C:/Program Files/Microchip/xc32/v5.00/bin/bin/../../lib/gcc/pic32m/13.2.1/../../../../pic32m/lib\libpic32.a(general-exception.o)
 .note          0x000002f4       0x18 C:/Program Files/Microchip/xc32/v5.00/bin/bin/../../lib/gcc/pic32m/13.2.1/../../../../pic32m/lib\libpic32.a(vector0.o)
 .note          0x0000030c       0x18 C:/Program Files/Microchip/xc32/v5.00/bin/bin/../../lib/gcc/pic32m/13.2.1/../../../../pic32m/lib\libpic32.a(vector1.o)
 .note          0x00000324       0x18 C:/Program Files/Microchip/xc32/v5.00/bin/bin/../../lib/gcc/pic32m/13.2.1/../../../../pic32m/lib\libpic32.a(vector2.o)
 .note          0x0000033c       0x18 C:/Program Files/Microchip/xc32/v5.00/bin/bin/../../lib/gcc/pic32m/13.2.1/../../../../pic32m/lib\libpic32.a(vector3.o)
 .note          0x00000354       0x18 C:/Program Files/Microchip/xc32/v5.00/bin/bin/../../lib/gcc/pic32m/13.2.1/../../../../pic32m/lib\libpic32.a(vector4.o)
 .note          0x0000036c       0x18 C:/Program Files/Microchip/xc32/v5.00/bin/bin/../../lib/gcc/pic32m/13.2.1/../../../../pic32m/lib\libpic32.a(vector5.o)
 .note          0x00000384       0x18 C:/Program Files/Microchip/xc32/v5.00/bin/bin/../../lib/gcc/pic32m/13.2.1/../../../../pic32m/lib\libpic32.a(vector6.o)
 .note          0x0000039c       0x18 C:/Program Files/Microchip/xc32/v5.00/bin/bin/../../lib/gcc/pic32m/13.2.1/../../../../pic32m/lib\libpic32.a(vector7.o)
 .note          0x000003b4       0x18 C:/Program Files/Microchip/xc32/v5.00/bin/bin/../../lib/gcc/pic32m/13.2.1/../../../../pic32m/lib\libpic32.a(vector8.o)
 .note          0x000003cc       0x18 C:/Program Files/Microchip/xc32/v5.00/bin/bin/../../lib/gcc/pic32m/13.2.1/../../../../pic32m/lib\libpic32.a(vector9.o)
 .note          0x000003e4       0x18 C:/Program Files/Microchip/xc32/v5.00/bin/bin/../../lib/gcc/pic32m/13.2.1/../../../../pic32m/lib\libpic32.a(vector10.o)
 .note          0x000003fc       0x18 C:/Program Files/Microchip/xc32/v5.00/bin/bin/../../lib/gcc/pic32m/13.2.1/../../../../pic32m/lib\libpic32.a(vector11.o)
 .note          0x00000414       0x18 C:/Program Files/Microchip/xc32/v5.00/bin/bin/../../lib/gcc/pic32m/13.2.1/../../../../pic32m/lib\libpic32.a(vector12.o)
 .note          0x0000042c       0x18 C:/Program Files/Microchip/xc32/v5.00/bin/bin/../../lib/gcc/pic32m/13.2.1/../../../../pic32m/lib\libpic32.a(vector13.o)
 .note          0x00000444       0x18 C:/Program Files/Microchip/xc32/v5.00/bin/bin/../../lib/gcc/pic32m/13.2.1/../../../../pic32m/lib\libpic32.a(vector14.o)
 .note          0x0000045c       0x18 C:/Program Files/Microchip/xc32/v5.00/bin/bin/../../lib/gcc/pic32m/13.2.1/../../../../pic32m/lib\libpic32.a(vector15.o)
 .note          0x00000474       0x18 C:/Program Files/Microchip/xc32/v5.00/bin/bin/../../lib/gcc/pic32m/13.2.1/../../../../pic32m/lib\libpic32.a(vector16.o)
 .note          0x0000048c       0x18 C:/Program Files/Microchip/xc32/v5.00/bin/bin/../../lib/gcc/pic32m/13.2.1/../../../../pic32m/lib\libpic32.a(vector17.o)
 .note          0x000004a4       0x18 C:/Program Files/Microchip/xc32/v5.00/bin/bin/../../lib/gcc/pic32m/13.2.1/../../../../pic32m/lib\libpic32.a(vector18.o)
 .note          0x000004bc       0x18 C:/Program Files/Microchip/xc32/v5.00/bin/bin/../../lib/gcc/pic32m/13.2.1/../../../../pic32m/lib\libpic32.a(vector19.o)
 .note          0x000004d4       0x18 C:/Program Files/Microchip/xc32/v5.00/bin/bin/../../lib/gcc/pic32m/13.2.1/../../../../pic32m/lib\libpic32.a(vector20.o)
 .note          0x000004ec       0x18 C:/Program Files/Microchip/xc32/v5.00/bin/bin/../../lib/gcc/pic32m/13.2.1/../../../../pic32m/lib\libpic32.a(vector21.o)
 .note          0x00000504       0x18 C:/Program Files/Microchip/xc32/v5.00/bin/bin/../../lib/gcc/pic32m/13.2.1/../../../../pic32m/lib\libpic32.a(vector22.o)
 .note          0x0000051c       0x18 C:/Program Files/Microchip/xc32/v5.00/bin/bin/../../lib/gcc/pic32m/13.2.1/../../../../pic32m/lib\libpic32.a(vector23.o)
 .note          0x00000534       0x18 C:/Program Files/Microchip/xc32/v5.00/bin/bin/../../lib/gcc/pic32m/13.2.1/../../../../pic32m/lib\libpic32.a(vector24.o)
 .note          0x0000054c       0x18 C:/Program Files/Microchip/xc32/v5.00/bin/bin/../../lib/gcc/pic32m/13.2.1/../../../../pic32m/lib\libpic32.a(vector25.o)
 .note          0x00000564       0x18 C:/Program Files/Microchip/xc32/v5.00/bin/bin/../../lib/gcc/pic32m/13.2.1/../../../../pic32m/lib\libpic32.a(vector26.o)
 .note          0x0000057c       0x18 C:/Program Files/Microchip/xc32/v5.00/bin/bin/../../lib/gcc/pic32m/13.2.1/../../../../pic32m/lib\libpic32.a(vector27.o)
 .note          0x00000594       0x18 C:/Program Files/Microchip/xc32/v5.00/bin/bin/../../lib/gcc/pic32m/13.2.1/../../../../pic32m/lib\libpic32.a(vector28.o)
 .note          0x000005ac       0x18 C:/Program Files/Microchip/xc32/v5.00/bin/bin/../../lib/gcc/pic32m/13.2.1/../../../../pic32m/lib\libpic32.a(vector29.o)
 .note          0x000005c4       0x18 C:/Program Files/Microchip/xc32/v5.00/bin/bin/../../lib/gcc/pic32m/13.2.1/../../../../pic32m/lib\libpic32.a(vector30.o)
 .note          0x000005dc       0x18 C:/Program Files/Microchip/xc32/v5.00/bin/bin/../../lib/gcc/pic32m/13.2.1/../../../../pic32m/lib\libpic32.a(vector31.o)
 .note          0x000005f4       0x18 C:/Program Files/Microchip/xc32/v5.00/bin/bin/../../lib/gcc/pic32m/13.2.1/../../../../pic32m/lib\libpic32.a(vector32.o)
 .note          0x0000060c       0x18 C:/Program Files/Microchip/xc32/v5.00/bin/bin/../../lib/gcc/pic32m/13.2.1/../../../../pic32m/lib\libpic32.a(vector33.o)
 .note          0x00000624       0x18 C:/Program Files/Microchip/xc32/v5.00/bin/bin/../../lib/gcc/pic32m/13.2.1/../../../../pic32m/lib\libpic32.a(vector34.o)
 .note          0x0000063c       0x18 C:/Program Files/Microchip/xc32/v5.00/bin/bin/../../lib/gcc/pic32m/13.2.1/../../../../pic32m/lib\libpic32.a(vector35.o)
 .note          0x00000654       0x18 C:/Program Files/Microchip/xc32/v5.00/bin/bin/../../lib/gcc/pic32m/13.2.1/../../../../pic32m/lib\libpic32.a(vector36.o)
 .note          0x0000066c       0x18 C:/Program Files/Microchip/xc32/v5.00/bin/bin/../../lib/gcc/pic32m/13.2.1/../../../../pic32m/lib\libpic32.a(vector37.o)
 .note          0x00000684       0x18 C:/Program Files/Microchip/xc32/v5.00/bin/bin/../../lib/gcc/pic32m/13.2.1/../../../../pic32m/lib\libpic32.a(vector38.o)
 .note          0x0000069c       0x18 C:/Program Files/Microchip/xc32/v5.00/bin/bin/../../lib/gcc/pic32m/13.2.1/../../../../pic32m/lib\libpic32.a(vector39.o)
 .note          0x000006b4       0x18 C:/Program Files/Microchip/xc32/v5.00/bin/bin/../../lib/gcc/pic32m/13.2.1/../../../../pic32m/lib\libpic32.a(vector40.o)
 .note          0x000006cc       0x18 C:/Program Files/Microchip/xc32/v5.00/bin/bin/../../lib/gcc/pic32m/13.2.1/../../../../pic32m/lib\libpic32.a(vector41.o)
 .note          0x000006e4       0x18 C:/Program Files/Microchip/xc32/v5.00/bin/bin/../../lib/gcc/pic32m/13.2.1/../../../../pic32m/lib\libpic32.a(vector42.o)
 .note          0x000006fc       0x18 C:/Program Files/Microchip/xc32/v5.00/bin/bin/../../lib/gcc/pic32m/13.2.1/../../../../pic32m/lib\libpic32.a(vector43.o)
 .note          0x00000714       0x18 C:/Program Files/Microchip/xc32/v5.00/bin/bin/../../lib/gcc/pic32m/13.2.1/../../../../pic32m/lib\libpic32.a(vector44.o)
 .note          0x0000072c       0x18 C:/Program Files/Microchip/xc32/v5.00/bin/bin/../../lib/gcc/pic32m/13.2.1/../../../../pic32m/lib\libpic32.a(vector48.o)
 .note          0x00000744       0x18 C:/Program Files/Microchip/xc32/v5.00/bin/bin/../../lib/gcc/pic32m/13.2.1/../../../../pic32m/lib\libpic32.a(vector49.o)
 .note          0x0000075c       0x18 C:/Program Files/Microchip/xc32/v5.00/bin/bin/../../lib/gcc/pic32m/13.2.1/../../../../pic32m/lib\libpic32.a(vector50.o)
 .note          0x00000774       0x18 C:/Program Files/Microchip/xc32/v5.00/bin/bin/../../lib/gcc/pic32m/13.2.1/../../../../pic32m/lib\libpic32.a(vector51.o)
 .note          0x0000078c       0x18 C:/Program Files/Microchip/xc32/v5.00/bin/bin/../../lib/gcc/pic32m/13.2.1/../../../../pic32m/lib\libpic32.a(default-general-exception-handler.o)
 .note          0x000007a4       0x18 C:/Program Files/Microchip/xc32/v5.00/bin/bin/../../lib/gcc/pic32m/13.2.1/../../../../pic32m/lib\libpic32.a(defaultinterrupt.o)
 .note          0x000007bc       0x18 C:/Program Files/Microchip/xc32/v5.00/bin/bin/../../lib/gcc/pic32m/13.2.1/../../../../pic32m/lib\libc-size-musl.a(memcpy.o)
 .note          0x000007d4       0x18 C:/Program Files/Microchip/xc32/v5.00/bin/bin/../../lib/gcc/pic32m/13.2.1/../../../../pic32m/lib\libc-size-musl.a(memset.o)
 .note          0x000007ec       0x18 C:/Program Files/Microchip/xc32/v5.00/bin/bin/../../lib/gcc/pic32m/13.2.1/../../../../pic32m/lib\libc-size-musl.a(strlen.o)
 .note          0x00000804       0x18 C:/Program Files/Microchip/xc32/v5.00/bin/bin/../../lib/gcc/pic32m/13.2.1/../../../../pic32m/lib\libpic32.a(pic32_data_init_clear.o)
 .note          0x0000081c       0x18 C:/Program Files/Microchip/xc32/v5.00/bin/bin/../../lib/gcc/pic32m/13.2.1/../../../../pic32m/lib\libpic32.a(pic32_data_init_copy.o)

.reginfo        0x00000000       0x18
 .reginfo       0x00000000       0x18 build/default/production/main.o

.rodata.send_status_message.str1.4%1

.rodata.wait_can_mode.str1.4%2

.rodata.cdc_send_hex_byte.str1.4%3

.rodata.CAN1_Init_Internal.str1.4%4

.rodata.CAN2_Init_Internal.str1.4%5

.rodata.CAN1_Init_External.str1.4%6

.rodata.CAN2_Init_External.str1.4%7

.rodata.CAN1_Init_External_RX.str1.4%8

.rodata.CAN2_Init_External_TX.str1.4%9

.rodata.run_loopback_test.str1.4%10

.rodata.print_loopback_summary.str1.4%11

.rodata.main.str1.4%12

.COHERENTBSS$   0xa0000800      0xc82
 .COHERENTBSS$  0xa0000800      0x200 build/default/production/main.o
 *fill*         0xa0000a00      0x600 
 .bss.can2_fifo
                0xa0001000      0x200 build/default/production/main.o
 .bss.bds       0xa0001200       0x60 build/default/production/usb/usb.o
 .bss.ep_buffers
                0xa0001260      0x222 build/default/production/usb/usb.o

.data.ep_buf    0xa0000060       0x3c
 .data.ep_buf   0xa0000060       0x3c build/default/production/usb/usb.o

.data.ep0_buf   0xa000009c       0x14
 .data.ep0_buf  0xa000009c       0x14 build/default/production/usb/usb.o

._debug_exception
                0xbfc00480       0x2c
 ._debug_exception
                0xbfc00480       0x2c C:/Program Files/Microchip/xc32/v5.00/bin/bin/../../lib/gcc/pic32m/13.2.1/../../../../pic32m/lib\debug-exception-return.o
                0xbfc00480                __DbgExecReturn

.text.usb_service
                0x9d000000      0xa90
 .text.usb_service
                0x9d000000      0xa90 build/default/production/usb/usb.o
                0x9d000000                usb_service

.rodata.cdc_send_number.str1.4
                0x9d000a90      0x9df
 .rodata.cdc_send_number.str1.4
                0x9d000a90      0x9df build/default/production/main.o
                                  0x2 (size before relaxing)

.text.run_loopback_test
                0x9d001470      0x6e0
 .text.run_loopback_test
                0x9d001470      0x6e0 build/default/production/main.o
                0x9d001470                run_loopback_test

.text.CAN1_Init_Internal
                0x9d001b50      0x640
 .text.CAN1_Init_Internal
                0x9d001b50      0x640 build/default/production/main.o
                0x9d001b50                CAN1_Init_Internal

.text.main      0x9d002190      0x554
 .text.main     0x9d002190      0x554 build/default/production/main.o
                0x9d002190                main

.text.CAN1_Init_External_RX
                0x9d0026e4      0x310
 .text.CAN1_Init_External_RX
                0x9d0026e4      0x310 build/default/production/main.o
                0x9d0026e4                CAN1_Init_External_RX

.text.CAN2_Init_Internal
                0x9d0029f4      0x2e8
 .text.CAN2_Init_Internal
                0x9d0029f4      0x2e8 build/default/production/main.o
                0x9d0029f4                CAN2_Init_Internal

.text.CAN2_Init_External
                0x9d002cdc      0x2ac
 .text.CAN2_Init_External
                0x9d002cdc      0x2ac build/default/production/main.o
                0x9d002cdc                CAN2_Init_External

.text.usb_init  0x9d002f88      0x220
 .text.usb_init
                0x9d002f88      0x220 build/default/production/usb/usb.o
                0x9d002f88                usb_init

.text.CAN1_Init_External
                0x9d0031a8      0x214
 .text.CAN1_Init_External
                0x9d0031a8      0x214 build/default/production/main.o
                0x9d0031a8                CAN1_Init_External

.text.CAN2_Init_External_TX
                0x9d0033bc      0x1fc
 .text.CAN2_Init_External_TX
                0x9d0033bc      0x1fc build/default/production/main.o
                0x9d0033bc                CAN2_Init_External_TX

.text.CAN1_ISR  0x9d0035b8      0x1e0
 .text.CAN1_ISR
                0x9d0035b8      0x1e0 build/default/production/main.o
                0x9d0035b8                CAN1_ISR

.text.CAN1_SendMessage
                0x9d003798      0x1d0
 .text.CAN1_SendMessage
                0x9d003798      0x1d0 build/default/production/main.o
                0x9d003798                CAN1_SendMessage

.text.CAN2_SendMessage
                0x9d003968      0x1d0
 .text.CAN2_SendMessage
                0x9d003968      0x1d0 build/default/production/main.o
                0x9d003968                CAN2_SendMessage

.text.CAN2_ISR  0x9d003b38      0x158
 .text.CAN2_ISR
                0x9d003b38      0x158 build/default/production/main.o
                0x9d003b38                CAN2_ISR

.text.init_endpoints
                0x9d003c90      0x148
 .text.init_endpoints
                0x9d003c90      0x148 build/default/production/usb/usb.o

.text.process_cdc_setup_request
                0x9d003dd8      0x140
 .text.process_cdc_setup_request
                0x9d003dd8      0x140 build/default/production/usb/usb_cdc.o
                0x9d003dd8                process_cdc_setup_request

.text._USB1Interrupt
                0x9d003f18      0x120
 .text._USB1Interrupt
                0x9d003f18      0x120 build/default/production/usb/usb.o
                0x9d003f18                _USB1Interrupt

.dinit          0x9d004038      0x120
 .dinit         0x9d004038      0x120 data_init

.text.print_loopback_summary
                0x9d004158       0xf4
 .text.print_loopback_summary
                0x9d004158       0xf4 build/default/production/main.o
                0x9d004158                print_loopback_summary

.text.general_exception
                0x9d00424c       0xdc
 .text.general_exception
                0x9d00424c       0xdc C:/Program Files/Microchip/xc32/v5.00/bin/bin/../../lib/gcc/pic32m/13.2.1/../../../../pic32m/lib\libpic32.a(general-exception.o)
                0x9d00424c                _general_exception_context

.text.wait_can_mode
                0x9d004328       0xd4
 .text.wait_can_mode
                0x9d004328       0xd4 build/default/production/main.o

.text.send_status_message
                0x9d0043fc       0xd0
 .text.send_status_message
                0x9d0043fc       0xd0 build/default/production/main.o
                0x9d0043fc                send_status_message

.text.cdc_send_string
                0x9d0044cc       0xcc
 .text.cdc_send_string
                0x9d0044cc       0xcc build/default/production/main.o
                0x9d0044cc                cdc_send_string

.text.cdc_send_number
                0x9d004598       0xcc
 .text.cdc_send_number
                0x9d004598       0xcc build/default/production/main.o
                0x9d004598                cdc_send_number

.text.usb_arm_out_endpoint
                0x9d004664       0xc8
 .text.usb_arm_out_endpoint
                0x9d004664       0xc8 build/default/production/usb/usb.o
                0x9d004664                usb_arm_out_endpoint

.text.usb_send_in_buffer
                0x9d00472c       0xc4
 .text.usb_send_in_buffer
                0x9d00472c       0xc4 build/default/production/usb/usb.o
                0x9d00472c                usb_send_in_buffer

.text.start_control_return
                0x9d0047f0       0xb8
 .text.start_control_return
                0x9d0047f0       0xb8 build/default/production/usb/usb.o

.text.app_out_transaction_callback
                0x9d0048a8       0xac
 .text.app_out_transaction_callback
                0x9d0048a8       0xac build/default/production/main.o
                0x9d0048a8                app_out_transaction_callback

.text.usb_send_in_buffer_0
                0x9d004954       0x88
 .text.usb_send_in_buffer_0
                0x9d004954       0x88 build/default/production/usb/usb.o

.text.cdc_send_hex_sid
                0x9d0049dc       0x84
 .text.cdc_send_hex_sid
                0x9d0049dc       0x84 build/default/production/main.o
                0x9d0049dc                cdc_send_hex_sid

.text.app_set_configuration_callback
                0x9d004a60       0x80
 .text.app_set_configuration_callback
                0x9d004a60       0x80 build/default/production/main.o
                0x9d004a60                app_set_configuration_callback

.text.usb_get_out_buffer
                0x9d004ae0       0x80
 .text.usb_get_out_buffer
                0x9d004ae0       0x80 build/default/production/usb/usb.o
                0x9d004ae0                usb_get_out_buffer

.text           0x9d004b60       0x7c
 .text          0x9d004b60       0x7c C:/Program Files/Microchip/xc32/v5.00/bin/bin/../../lib/gcc/pic32m/13.2.1/../../../../pic32m/lib\libpic32.a(pic32_data_init_core.o)
                0x9d004b60                __dinit_copy_val_data
                0x9d004b60                __dinit_decompress
                0x9d004b60                __dinit_copy_emb
                0x9d004b68                __pic32_data_init

.text.cdc_send_hex_byte
                0x9d004bdc       0x74
 .text.cdc_send_hex_byte
                0x9d004bdc       0x74 build/default/production/main.o
                0x9d004bdc                cdc_send_hex_byte

.text.usb_application_get_string
                0x9d004c50       0x74
 .text.usb_application_get_string
                0x9d004c50       0x74 build/default/production/usb_descriptors.o
                0x9d004c50                usb_application_get_string

.text.usb_halt_ep_out
                0x9d004cc4       0x6c
 .text.usb_halt_ep_out
                0x9d004cc4       0x6c build/default/production/usb/usb.o
                0x9d004cc4                usb_halt_ep_out

.text.usb_get_in_buffer
                0x9d004d30       0x60
 .text.usb_get_in_buffer
                0x9d004d30       0x60 build/default/production/usb/usb.o
                0x9d004d30                usb_get_in_buffer

.text.usb_halt_ep_in
                0x9d004d90       0x5c
 .text.usb_halt_ep_in
                0x9d004d90       0x5c build/default/production/usb/usb.o
                0x9d004d90                usb_halt_ep_in

.text.usb_start_receive_ep0_data_stage
                0x9d004dec       0x58
 .text.usb_start_receive_ep0_data_stage
                0x9d004dec       0x58 build/default/production/usb/usb.o
                0x9d004dec                usb_start_receive_ep0_data_stage

.text.app_set_control_line_state_callback
                0x9d004e44       0x54
 .text.app_set_control_line_state_callback
                0x9d004e44       0x54 build/default/production/main.o
                0x9d004e44                app_set_control_line_state_callback

.text.main_entry
                0x9d004e98       0x54
 .text.main_entry
                0x9d004e98       0x54 D:\Users\diego\AppData\Local\Temp\ccyeHKXU.o
                0x9d004ecc                __crt0_exit

.text.app_usb_reset_callback
                0x9d004eec       0x50
 .text.app_usb_reset_callback
                0x9d004eec       0x50 build/default/production/main.o
                0x9d004eec                app_usb_reset_callback

.text.stall_ep_in
                0x9d004f3c       0x50
 .text.stall_ep_in
                0x9d004f3c       0x50 build/default/production/usb/usb.o

.text.copy_to_ep0_in_buf
                0x9d004f8c       0x50
 .text.copy_to_ep0_in_buf
                0x9d004f8c       0x50 build/default/production/usb/usb.o

.text._bootstrap_exception_handler
                0x9d004fdc       0x48
 .text._bootstrap_exception_handler
                0x9d004fdc       0x48 C:/Program Files/Microchip/xc32/v5.00/bin/bin/../../lib/gcc/pic32m/13.2.1/../../../../pic32m/lib\libpic32.a(default-bootstrap-exception-handler.o)
                0x9d004fdc                _bootstrap_exception_handler

.text._general_exception_handler
                0x9d005024       0x48
 .text._general_exception_handler
                0x9d005024       0x48 C:/Program Files/Microchip/xc32/v5.00/bin/bin/../../lib/gcc/pic32m/13.2.1/../../../../pic32m/lib\libpic32.a(default-general-exception-handler.o)
                0x9d005024                _general_exception_handler

.vector_default
                0x9d00506c       0x48
 .vector_default
                0x9d00506c       0x48 C:/Program Files/Microchip/xc32/v5.00/bin/bin/../../lib/gcc/pic32m/13.2.1/../../../../pic32m/lib\libpic32.a(defaultinterrupt.o)
                0x9d00506c                _DefaultInterrupt

.rodata.configuration_1
                0x9d0050b4       0x46
 .rodata.configuration_1
                0x9d0050b4       0x46 build/default/production/usb_descriptors.o

.text           0x9d0050fc       0x44
 .text          0x9d0050fc       0x44 C:/Program Files/Microchip/xc32/v5.00/bin/bin/../../lib/gcc/pic32m/13.2.1/../../../../pic32m/lib\pic32_software_reset.o
                0x9d0050fc                __pic32_software_reset

.text.send_zero_length_packet_ep0
                0x9d005140       0x38
 .text.send_zero_length_packet_ep0
                0x9d005140       0x38 build/default/production/usb/usb.o

.text.delay_ms  0x9d005178       0x34
 .text.delay_ms
                0x9d005178       0x34 build/default/production/main.o
                0x9d005178                delay_ms

.text.app_in_transaction_complete_callback
                0x9d0051ac       0x34
 .text.app_in_transaction_complete_callback
                0x9d0051ac       0x34 build/default/production/main.o
                0x9d0051ac                app_in_transaction_complete_callback

.text.stall_ep0
                0x9d0051e0       0x30
 .text.stall_ep0
                0x9d0051e0       0x30 build/default/production/usb/usb.o

.text.set_line_coding
                0x9d005210       0x30
 .text.set_line_coding
                0x9d005210       0x30 build/default/production/usb/usb_cdc.o

.text.memcpy    0x9d005240       0x2c